Microchip MPLAB XC8 Compiler V2.31

Linker command line:

-W-3 --edf=C:\Program Files\Microchip\xc8\v2.31\pic\dat\en_msgs.txt -cn \
  -h+dist/default/debug\HouseAutomatic.X.debug.sym \
  --cmf=dist/default/debug\HouseAutomatic.X.debug.cmf -z -Q18F4550 \
  -oC:\Users\ASUS\AppData\Local\Temp\scig.2 --defsym=__MPLAB_BUILD=1 \
  -Mdist/default/debug/HouseAutomatic.X.debug.map -E1 -ver=XC8 Compiler \
  --acfsm=1493 -ASTACK=060h-07FFh -pstack=STACK -ACODE=00h-07FFFh \
  -ACONST=00h-07FFFh -ASMALLCONST=0800h-08FFhx120 \
  -AMEDIUMCONST=0800h-07FFFh -ACOMRAM=01h-05Fh -AABS1=00h-07FFh \
  -ABIGRAM=01h-07FFh -ARAM=060h-0FFh,0100h-01FFhx7 -ABANK0=060h-0FFh \
  -ABANK1=0100h-01FFh -ABANK2=0200h-02FFh -ABANK3=0300h-03FFh \
  -ABANK4=0400h-04FFh -ABANK5=0500h-05FFh -ABANK6=0600h-06FFh \
  -ABANK7=0700h-07FFh -ASFR=0F60h-0FFFh -ACONFIG=0300000h-030000Dh \
  -AIDLOC=0200000h-0200007h -AEEDATA=0F00000h-0F000FFh -peeprom_data=EEDATA \
  -preset_vec=00h,intcode,intcodelo,powerup,init -pramtop=0800h \
  -psmallconst=SMALLCONST -pmediumconst=MEDIUMCONST -pconst=CONST \
  -AFARRAM=00h-00h \
  -prdata=COMRAM,nvrram=COMRAM,nvbit=COMRAM,rbss=COMRAM,rbit=COMRAM \
  -pfarbss=FARRAM,fardata=FARRAM,nvFARRAM=FARRAM \
  -pintsave_regs=BIGRAM,bigbss=BIGRAM,bigdata=BIGRAM -pbss=RAM \
  -pidata=CODE,irdata=CODE,ibigdata=CODE,ifardata=CODE -prparam=COMRAM \
  C:\Users\ASUS\AppData\Local\Temp\scig.o \
  dist/default/debug\HouseAutomatic.X.debug.o 

Object code version is 3.11

Machine type is 18F4550



                Name                               Link     Load   Length Selector   Space Scale
C:\Users\ASUS\AppData\Local\Temp\scig.o
                idloc                            200000   200000        8        0       5
                config                           300000   300000        E        0       4
                init                                  0        0        4        0       0
dist/default/debug\HouseAutomatic.X.debug.o
                idloc                            200000   200000        8        0       5
                config                           300000   300000        E        0       4
                text8                              7DE6     7DE6       18     3EF3       0
                text7                              7F20     7F20       4A     3F90       0
                text6                              7E16     7E16       1E     3F0B       0
                text5                              7E98     7E98       40     3F4C       0
                text4                              7E34     7E34       1E     3F1A       0
                text3                              7ED8     7ED8       48     3F6C       0
                text2                              7E52     7E52       20     3F29       0
                text1                              7F6A     7F6A       96     3FB5       0
                text0                              7DD2     7DD2       14     3EE9       0
                cstackCOMRAM                         19       19        D        1       1
                dataCOMRAM                            1        1       18        1       1
                cinit                              7E72     7E72       26     3F39       0
                idataCOMRAM                        7DFE     7DFE       18     7DFE       0

TOTAL           Name                               Link     Load   Length     Space
        CLASS   STACK          

        CLASS   CODE           
                init                                  0        0        4         0
                text8                              7DE6     7DE6       18         0
                text7                              7F20     7F20       4A         0
                text6                              7E16     7E16       1E         0
                text5                              7E98     7E98       40         0
                text4                              7E34     7E34       1E         0
                text3                              7ED8     7ED8       48         0
                text2                              7E52     7E52       20         0
                text1                              7F6A     7F6A       96         0
                text0                              7DD2     7DD2       14         0
                cinit                              7E72     7E72       26         0
                idataCOMRAM                        7DFE     7DFE       18         0

        CLASS   CONST          

        CLASS   SMALLCONST     

        CLASS   MEDIUMCONST    

        CLASS   COMRAM         
                cstackCOMRAM                         19       19        D         1
                dataCOMRAM                            1        1       18         1

        CLASS   ABS1           

        CLASS   BIGRAM         

        CLASS   RAM            

        CLASS   BANK0          

        CLASS   BANK1          

        CLASS   BANK2          

        CLASS   BANK3          

        CLASS   BANK4          

        CLASS   BANK5          

        CLASS   BANK6          

        CLASS   BANK7          

        CLASS   SFR            

        CLASS   CONFIG         
                config                           300000   300000        E         4

        CLASS   IDLOC          
                idloc                            200000   200000        8         5

        CLASS   EEDATA         

        CLASS   FARRAM         



SEGMENTS        Name                           Load    Length   Top    Selector   Space  Class

                reset_vec                      000000  000004  000004         0       0  CODE    
                dataCOMRAM                     000001  000025  000026         1       1  COMRAM  
                text0                          007DD2  000014  007DE6      3EE9       0  CODE    
                text8                          007DE6  000018  007DFE      3EF3       0  CODE    
                idataCOMRAM                    007DFE  000018  007E16      7DFE       0  CODE    
                text6                          007E16  00001E  007E34      3F0B       0  CODE    
                text4                          007E34  00001E  007E52      3F1A       0  CODE    
                text2                          007E52  000020  007E72      3F29       0  CODE    
                cinit                          007E72  000026  007E98      3F39       0  CODE    
                text5                          007E98  000040  007ED8      3F4C       0  CODE    
                text3                          007ED8  000048  007F20      3F6C       0  CODE    
                text7                          007F20  00004A  007F6A      3F90       0  CODE    
                text1                          007F6A  000096  008000      3FB5       0  CODE    


UNUSED ADDRESS RANGES

        Name                Unused          Largest block    Delta
        BANK0            000060-0000FF               A0
        BANK1            000100-0001FF              100
        BANK2            000200-0002FF              100
        BANK3            000300-0003FF              100
        BANK4            000400-0004FF              100
        BANK5            000500-0005FF              100
        BANK6            000600-0006FF              100
        BANK7            000700-0007FF              100
        BIGRAM           000026-0007FF              7DA
        CODE             000004-007DD1             7DCE
        COMRAM           000026-00005F               3A
        CONST            000004-007DD1             7DCE
        EEDATA           F00000-F000FF              100
        MEDIUMCONST      000800-007DD1             75D2
        RAM              000060-0007FF              100
        SFR              000F60-000FFF               A0
        SMALLCONST       000800-007DD1              100
        STACK            000060-0007FF              7A0

                                  Symbol Table

?_adc                     cstackCOMRAM 000019
LCD_Char@char_data        cstackCOMRAM 00001F
LCD_Command@cmd           cstackCOMRAM 00001F
LCD_Custom_Char@i         cstackCOMRAM 000023
LCD_Custom_Char@loc       cstackCOMRAM 000022
LCD_Custom_Char@msg       cstackCOMRAM 000020
MSdelay@i                 cstackCOMRAM 00001B
MSdelay@j                 cstackCOMRAM 00001D
MSdelay@val               cstackCOMRAM 000019
SensorLuz@val             cstackCOMRAM 000024
_ADCON0                   (abs)        000FC2
_ADCON0bits               (abs)        000FC2
_ADCON1                   (abs)        000FC1
_ADCON1bits               (abs)        000FC1
_ADCON2                   (abs)        000FC0
_ADCON2bits               (abs)        000FC0
_ADC_Init                 text8        007DE6
_ADON                     (abs)        007E10
_ADRESH                   (abs)        000FC4
_ADRESL                   (abs)        000FC3
_GO                       (abs)        007E11
_LATB                     (abs)        000F8A
_LATD0                    (abs)        007C60
_LATD1                    (abs)        007C61
_LCD_Char                 text4        007E34
_LCD_Command              text6        007E16
_LCD_Custom_Char          text3        007ED8
_LCD_Init                 text5        007E98
_MSdelay                  text7        007F20
_OSCCON                   (abs)        000FD3
_PORTDbits                (abs)        000F83
_RW                       (abs)        007E3A
_SensorLuz                text1        007F6A
_TRISA                    (abs)        000F92
_TRISAbits                (abs)        000F92
_TRISB                    (abs)        000F93
_TRISD                    (abs)        000F95
_TRISDbits                (abs)        000F95
__HRAM                    (abs)        000000
__Habs1                   abs1         000000
__Hbank0                  bank0        000000
__Hbank1                  bank1        000000
__Hbank2                  bank2        000000
__Hbank3                  bank3        000000
__Hbank4                  bank4        000000
__Hbank5                  bank5        000000
__Hbank6                  bank6        000000
__Hbank7                  bank7        000000
__Hbigbss                 bigbss       000000
__Hbigdata                bigdata      000000
__Hbigram                 bigram       000000
__Hbss                    bss          000000
__Hcinit                  cinit        000000
__Hclrtext                clrtext      000000
__Hcomram                 comram       000000
__Hconfig                 config       30000E
__Hconst                  const        000000
__HcstackCOMRAM           cstackCOMRAM 000000
__Hdata                   data         000000
__HdataCOMRAM             dataCOMRAM   000000
__Heeprom_data            eeprom_data  000000
__Hfarbss                 farbss       000000
__Hfardata                fardata      000000
__Hibigdata               ibigdata     000000
__Hidata                  idata        000000
__HidataCOMRAM            idataCOMRAM  000000
__Hidloc                  idloc        200008
__Hifardata               ifardata     000000
__Hinit                   init         000004
__Hintcode                intcode      000000
__Hintcode_body           intcode_body 000000
__Hintcodelo              intcodelo    000000
__Hintentry               intentry     000000
__Hintret                 intret       000000
__Hintsave_regs           intsave_regs 000000
__Hirdata                 irdata       000000
__Hmediumconst            mediumconst  000000
__HnvFARRAM               nvFARRAM     000000
__Hnvbit                  nvbit        000000
__Hnvrram                 nvrram       000000
__Hparam                  rparam       000000
__Hpowerup                powerup      000000
__Hram                    ram          000000
__Hramtop                 ramtop       000800
__Hrbit                   rbit         000000
__Hrbss                   rbss         000000
__Hrdata                  rdata        000000
__Hreset_vec              reset_vec    000000
__Hrparam                 rparam       000000
__Hsfr                    sfr          000000
__Hsmallconst             smallconst   000000
__Hspace_0                (abs)        008000
__Hspace_1                (abs)        000026
__Hspace_2                (abs)        000000
__Hspace_4                (abs)        60000E
__Hstack                  stack        000000
__Hstruct                 struct       000000
__Htemp                   temp         000000
__Htext                   text         000000
__Htext0                  text0        000000
__Htext1                  text1        000000
__Htext2                  text2        000000
__Htext3                  text3        000000
__Htext4                  text4        000000
__Htext5                  text5        000000
__Htext6                  text6        000000
__Htext7                  text7        000000
__Htext8                  text8        000000
__LRAM                    (abs)        000001
__Labs1                   abs1         000000
__Lbank0                  bank0        000000
__Lbank1                  bank1        000000
__Lbank2                  bank2        000000
__Lbank3                  bank3        000000
__Lbank4                  bank4        000000
__Lbank5                  bank5        000000
__Lbank6                  bank6        000000
__Lbank7                  bank7        000000
__Lbigbss                 bigbss       000000
__Lbigdata                bigdata      000000
__Lbigram                 bigram       000000
__Lbss                    bss          000000
__Lcinit                  cinit        000000
__Lclrtext                clrtext      000000
__Lcomram                 comram       000000
__Lconfig                 config       000000
__Lconst                  const        000000
__LcstackCOMRAM           cstackCOMRAM 000000
__Ldata                   data         000000
__LdataCOMRAM             dataCOMRAM   000000
__Leeprom_data            eeprom_data  000000
__Lfarbss                 farbss       000000
__Lfardata                fardata      000000
__Libigdata               ibigdata     000000
__Lidata                  idata        000000
__LidataCOMRAM            idataCOMRAM  000000
__Lidloc                  idloc        000000
__Lifardata               ifardata     000000
__Linit                   init         000000
__Lintcode                intcode      000000
__Lintcode_body           intcode_body 000000
__Lintcodelo              intcodelo    000000
__Lintentry               intentry     000000
__Lintret                 intret       000000
__Lintsave_regs           intsave_regs 000000
__Lirdata                 irdata       000000
__Lmediumconst            mediumconst  000000
__LnvFARRAM               nvFARRAM     000000
__Lnvbit                  nvbit        000000
__Lnvrram                 nvrram       000000
__Lparam                  rparam       000000
__Lpowerup                powerup      000000
__Lram                    ram          000000
__Lramtop                 ramtop       000800
__Lrbit                   rbit         000000
__Lrbss                   rbss         000000
__Lrdata                  rdata        000000
__Lreset_vec              reset_vec    000000
__Lrparam                 rparam       000000
__Lsfr                    sfr          000000
__Lsmallconst             smallconst   000000
__Lspace_0                (abs)        000000
__Lspace_1                (abs)        000000
__Lspace_2                (abs)        000000
__Lspace_4                (abs)        000000
__Lstack                  stack        000000
__Lstruct                 struct       000000
__Ltemp                   temp         000000
__Ltext                   text         000000
__Ltext0                  text0        000000
__Ltext1                  text1        000000
__Ltext2                  text2        000000
__Ltext3                  text3        000000
__Ltext4                  text4        000000
__Ltext5                  text5        000000
__Ltext6                  text6        000000
__Ltext7                  text7        000000
__Ltext8                  text8        000000
__S0                      (abs)        008000
__S1                      (abs)        000026
__S2                      (abs)        000000
__S4                      (abs)        000000
__S5                      (abs)        000000
___inthi_sp               stack        000000
___intlo_sp               stack        000000
___param_bank             (abs)        000000
___rparam_used            (abs)        000001
___sp                     stack        000000
__accesstop               (abs)        000060
__activetblptr            (abs)        000000
__end_of_ADC_Init         text8        007DFE
__end_of_LCD_Char         text4        007E52
__end_of_LCD_Command      text6        007E34
__end_of_LCD_Custom_Char  text3        007F20
__end_of_LCD_Init         text5        007ED8
__end_of_MSdelay          text7        007F6A
__end_of_SensorLuz        text1        008000
__end_of__initialization  cinit        007E92
__end_of_adc              text2        007E72
__end_of_main             text0        007DE6
__initialization          cinit        007E72
__mediumconst             mediumconst  000000
__pcinit                  cinit        007E72
__pcstackCOMRAM           cstackCOMRAM 000019
__pdataCOMRAM             dataCOMRAM   000001
__pidataCOMRAM            idataCOMRAM  007DFE
__ptext0                  text0        007DD2
__ptext1                  text1        007F6A
__ptext2                  text2        007E52
__ptext3                  text3        007ED8
__ptext4                  text4        007E34
__ptext5                  text5        007E98
__ptext6                  text6        007E16
__ptext7                  text7        007F20
__ptext8                  text8        007DE6
__ramtop                  ramtop       000800
__size_of_ADC_Init        (abs)        000000
__size_of_LCD_Char        (abs)        000000
__size_of_LCD_Command     (abs)        000000
__size_of_LCD_Custom_Char (abs)        000000
__size_of_LCD_Init        (abs)        000000
__size_of_MSdelay         (abs)        000000
__size_of_SensorLuz       (abs)        000000
__size_of_adc             (abs)        000000
__size_of_main            (abs)        000000
__smallconst              smallconst   000000
_adc                      text2        007E52
_character1               dataCOMRAM   000001
_character2               dataCOMRAM   000011
_character3               dataCOMRAM   000009
_main                     text0        007DD2
adc@adcval                cstackCOMRAM 00001B
end_of_initialization     cinit        007E92
intlevel0                 text         000000
intlevel1                 text         000000
intlevel2                 text         000000
intlevel3                 text         000000
stackhi                   (abs)        0007FF
stacklo                   (abs)        000060
start                     init         000000
start_initialization      cinit        007E72


FUNCTION INFORMATION:

 *************** function _main *****************
 Defined at:
		line 19 in file "Controler.c"
 Parameters:    Size  Location     Type
		None
 Auto vars:     Size  Location     Type
  Temperature    10    0        unsigned char [10]
  celsius         4    0        float 
  i               1    0        unsigned char 
 Return value:  Size  Location     Type
                  1    wreg      void 
 Registers used:
		wreg, fsr2l, fsr2h, status,2, status,0, prodl, prodh, cstack
 Tracked objects:
		On entry : 
		On exit  : 
		Unchanged: 
 Data sizes:     COMRAM   BANK0   BANK1   BANK2   BANK3   BANK4   BANK5   BANK6   BANK7
      Params:         0       0       0       0       0       0       0       0       0
      Locals:         0       0       0       0       0       0       0       0       0
      Temps:          0       0       0       0       0       0       0       0       0
      Totals:         0       0       0       0       0       0       0       0       0
Total ram usage:        0 bytes
 Hardware stack levels required when called:    4
 This function calls:
		_ADC_Init
		_LCD_Init
		_SensorLuz
 This function is called by:
		Startup code after reset
 This function uses a non-reentrant model


 *************** function _SensorLuz *****************
 Defined at:
		line 49 in file "Controler.c"
 Parameters:    Size  Location     Type
		None
 Auto vars:     Size  Location     Type
  val             2   11[COMRAM] unsigned int 
 Return value:  Size  Location     Type
                  1    wreg      void 
 Registers used:
		wreg, fsr2l, fsr2h, status,2, status,0, prodl, prodh, cstack
 Tracked objects:
		On entry : 
		On exit  : 
		Unchanged: 
 Data sizes:     COMRAM   BANK0   BANK1   BANK2   BANK3   BANK4   BANK5   BANK6   BANK7
      Params:         0       0       0       0       0       0       0       0       0
      Locals:         2       0       0       0       0       0       0       0       0
      Temps:          0       0       0       0       0       0       0       0       0
      Totals:         2       0       0       0       0       0       0       0       0
Total ram usage:        2 bytes
 Hardware stack levels used:    1
 Hardware stack levels required when called:    3
 This function calls:
		_LCD_Command
		_LCD_Custom_Char
		_MSdelay
		_adc
 This function is called by:
		_main
 This function uses a non-reentrant model


 *************** function _adc *****************
 Defined at:
		line 79 in file "Controler.c"
 Parameters:    Size  Location     Type
		None
 Auto vars:     Size  Location     Type
  adcval          2    2[COMRAM] unsigned int 
 Return value:  Size  Location     Type
                  2    0[COMRAM] unsigned int 
 Registers used:
		None
 Tracked objects:
		On entry : 
		On exit  : 
		Unchanged: 
 Data sizes:     COMRAM   BANK0   BANK1   BANK2   BANK3   BANK4   BANK5   BANK6   BANK7
      Params:         2       0       0       0       0       0       0       0       0
      Locals:         2       0       0       0       0       0       0       0       0
      Temps:          0       0       0       0       0       0       0       0       0
      Totals:         4       0       0       0       0       0       0       0       0
Total ram usage:        4 bytes
 Hardware stack levels used:    1
 This function calls:
		Nothing
 This function is called by:
		_SensorLuz
 This function uses a non-reentrant model


 *************** function _LCD_Custom_Char *****************
 Defined at:
		line 77 in file "LCD_20x4.c"
 Parameters:    Size  Location     Type
  loc             1    wreg     unsigned char 
  msg             2    7[COMRAM] PTR unsigned char 
		 -> character3(8), character2(8), 
 Auto vars:     Size  Location     Type
  loc             1    9[COMRAM] unsigned char 
  i               1   10[COMRAM] unsigned char 
 Return value:  Size  Location     Type
                  1    wreg      void 
 Registers used:
		wreg, fsr2l, fsr2h, status,2, status,0, prodl, prodh, cstack
 Tracked objects:
		On entry : 
		On exit  : 
		Unchanged: 
 Data sizes:     COMRAM   BANK0   BANK1   BANK2   BANK3   BANK4   BANK5   BANK6   BANK7
      Params:         2       0       0       0       0       0       0       0       0
      Locals:         2       0       0       0       0       0       0       0       0
      Temps:          0       0       0       0       0       0       0       0       0
      Totals:         4       0       0       0       0       0       0       0       0
Total ram usage:        4 bytes
 Hardware stack levels used:    1
 Hardware stack levels required when called:    2
 This function calls:
		_LCD_Char
		_LCD_Command
 This function is called by:
		_SensorLuz
 This function uses a non-reentrant model


 *************** function _LCD_Char *****************
 Defined at:
		line 42 in file "LCD_20x4.c"
 Parameters:    Size  Location     Type
  char_data       1    wreg     unsigned char 
 Auto vars:     Size  Location     Type
  char_data       1    6[COMRAM] unsigned char 
 Return value:  Size  Location     Type
                  1    wreg      void 
 Registers used:
		wreg, status,2, status,0, cstack
 Tracked objects:
		On entry : 
		On exit  : 
		Unchanged: 
 Data sizes:     COMRAM   BANK0   BANK1   BANK2   BANK3   BANK4   BANK5   BANK6   BANK7
      Params:         0       0       0       0       0       0       0       0       0
      Locals:         1       0       0       0       0       0       0       0       0
      Temps:          0       0       0       0       0       0       0       0       0
      Totals:         1       0       0       0       0       0       0       0       0
Total ram usage:        1 bytes
 Hardware stack levels used:    1
 Hardware stack levels required when called:    1
 This function calls:
		_MSdelay
 This function is called by:
		_LCD_Custom_Char
		_LCD_String
 This function uses a non-reentrant model


 *************** function _LCD_Init *****************
 Defined at:
		line 9 in file "LCD_20x4.c"
 Parameters:    Size  Location     Type
		None
 Auto vars:     Size  Location     Type
		None
 Return value:  Size  Location     Type
                  1    wreg      void 
 Registers used:
		wreg, status,2, status,0, cstack
 Tracked objects:
		On entry : 
		On exit  : 
		Unchanged: 
 Data sizes:     COMRAM   BANK0   BANK1   BANK2   BANK3   BANK4   BANK5   BANK6   BANK7
      Params:         0       0       0       0       0       0       0       0       0
      Locals:         0       0       0       0       0       0       0       0       0
      Temps:          0       0       0       0       0       0       0       0       0
      Totals:         0       0       0       0       0       0       0       0       0
Total ram usage:        0 bytes
 Hardware stack levels used:    1
 Hardware stack levels required when called:    2
 This function calls:
		_LCD_Command
		_MSdelay
 This function is called by:
		_main
 This function uses a non-reentrant model


 *************** function _LCD_Command *****************
 Defined at:
		line 31 in file "LCD_20x4.c"
 Parameters:    Size  Location     Type
  cmd             1    wreg     unsigned char 
 Auto vars:     Size  Location     Type
  cmd             1    6[COMRAM] unsigned char 
 Return value:  Size  Location     Type
                  1    wreg      void 
 Registers used:
		wreg, status,2, status,0, cstack
 Tracked objects:
		On entry : 
		On exit  : 
		Unchanged: 
 Data sizes:     COMRAM   BANK0   BANK1   BANK2   BANK3   BANK4   BANK5   BANK6   BANK7
      Params:         0       0       0       0       0       0       0       0       0
      Locals:         1       0       0       0       0       0       0       0       0
      Temps:          0       0       0       0       0       0       0       0       0
      Totals:         1       0       0       0       0       0       0       0       0
Total ram usage:        1 bytes
 Hardware stack levels used:    1
 Hardware stack levels required when called:    1
 This function calls:
		_MSdelay
 This function is called by:
		_LCD_Init
		_LCD_Custom_Char
		_SensorLuz
		_LCD_Clear
		_LCD_String_xy
 This function uses a non-reentrant model


 *************** function _MSdelay *****************
 Defined at:
		line 90 in file "LCD_20x4.c"
 Parameters:    Size  Location     Type
  val             2    0[COMRAM] unsigned int 
 Auto vars:     Size  Location     Type
  j               2    4[COMRAM] unsigned int 
  i               2    2[COMRAM] unsigned int 
 Return value:  Size  Location     Type
                  1    wreg      void 
 Registers used:
		wreg, status,2, status,0
 Tracked objects:
		On entry : 
		On exit  : 
		Unchanged: 
 Data sizes:     COMRAM   BANK0   BANK1   BANK2   BANK3   BANK4   BANK5   BANK6   BANK7
      Params:         2       0       0       0       0       0       0       0       0
      Locals:         4       0       0       0       0       0       0       0       0
      Temps:          0       0       0       0       0       0       0       0       0
      Totals:         6       0       0       0       0       0       0       0       0
Total ram usage:        6 bytes
 Hardware stack levels used:    1
 This function calls:
		Nothing
 This function is called by:
		_LCD_Init
		_LCD_Command
		_LCD_Char
		_SensorLuz
		_LCD_Clear
 This function uses a non-reentrant model


 *************** function _ADC_Init *****************
 Defined at:
		line 10 in file "PIC18F4550_ADC_Source_File.c"
 Parameters:    Size  Location     Type
		None
 Auto vars:     Size  Location     Type
		None
 Return value:  Size  Location     Type
                  1    wreg      void 
 Registers used:
		wreg, status,2
 Tracked objects:
		On entry : 
		On exit  : 
		Unchanged: 
 Data sizes:     COMRAM   BANK0   BANK1   BANK2   BANK3   BANK4   BANK5   BANK6   BANK7
      Params:         0       0       0       0       0       0       0       0       0
      Locals:         0       0       0       0       0       0       0       0       0
      Temps:          0       0       0       0       0       0       0       0       0
      Totals:         0       0       0       0       0       0       0       0       0
Total ram usage:        0 bytes
 Hardware stack levels used:    1
 This function calls:
		Nothing
 This function is called by:
		_main
 This function uses a non-reentrant model



MODULE INFORMATION

Module		Function		Class		Link	Load	Size
LCD_20x4.c
		_LCD_Init      		CODE           	7E98	0000	64
		_LCD_Command   		CODE           	7E16	0000	30
		_LCD_Char      		CODE           	7E34	0000	30
		_MSdelay       		CODE           	7F20	0000	74
		_LCD_Custom_Char		CODE           	7ED8	0000	72

LCD_20x4.c estimated size: 270

shared
		__initialization		CODE           	7E72	0000	32

shared estimated size: 32

Controler.c
		_main          		CODE           	7DD2	0000	20
		_SensorLuz     		CODE           	7F6A	0000	150
		_adc           		CODE           	7E52	0000	32

Controler.c estimated size: 202

PIC18F4550_ADC_Source_File.c
		_ADC_Init      		CODE           	7DE6	0000	24

PIC18F4550_ADC_Source_File.c estimated size: 24

