Microchip MPLAB XC8 Compiler V2.31

Linker command line:

-W-3 --edf=C:\Program Files\Microchip\xc8\v2.31\pic\dat\en_msgs.txt -cn \
  -h+dist/default/production\HouseAutomatic.X.production.sym \
  --cmf=dist/default/production\HouseAutomatic.X.production.cmf -z \
  -Q18F4550 -oC:\Users\ASUS\AppData\Local\Temp\sdo4.2 \
  --defsym=__MPLAB_BUILD=1 \
  -Mdist/default/production/HouseAutomatic.X.production.map -E1 \
  -ver=XC8 Compiler --acfsm=1493 -ASTACK=0223h-07FFh -pstack=STACK \
  -ACODE=00h-07FFFh -ACONST=00h-07FFFh -ASMALLCONST=0800h-08FFhx120 \
  -AMEDIUMCONST=0800h-07FFFh -ACOMRAM=01h-05Fh -AABS1=00h-07FFh \
  -ABIGRAM=01h-07FFh -ARAM=060h-0FFh,0100h-01FFhx7 -ABANK0=060h-0FFh \
  -ABANK1=0100h-01FFh -ABANK2=0200h-02FFh -ABANK3=0300h-03FFh \
  -ABANK4=0400h-04FFh -ABANK5=0500h-05FFh -ABANK6=0600h-06FFh \
  -ABANK7=0700h-07FFh -ASFR=0F60h-0FFFh -ACONFIG=0300000h-030000Dh \
  -AIDLOC=0200000h-0200007h -AEEDATA=0F00000h-0F000FFh -peeprom_data=EEDATA \
  -preset_vec=00h,intcode,intcodelo,powerup,init -pramtop=0800h \
  -psmallconst=SMALLCONST -pmediumconst=MEDIUMCONST -pconst=CONST \
  -AFARRAM=00h-00h \
  -prdata=COMRAM,nvrram=COMRAM,nvbit=COMRAM,rbss=COMRAM,rbit=COMRAM \
  -pfarbss=FARRAM,fardata=FARRAM,nvFARRAM=FARRAM \
  -pintsave_regs=BIGRAM,bigbss=BIGRAM,bigdata=BIGRAM -pbss=RAM \
  -pidata=CODE,irdata=CODE,ibigdata=CODE,ifardata=CODE -prparam=COMRAM \
  C:\Users\ASUS\AppData\Local\Temp\sdo4.o \
  dist/default/production\HouseAutomatic.X.production.o 

Object code version is 3.11

Machine type is 18F4550



                Name                               Link     Load   Length Selector   Space Scale
C:\Users\ASUS\AppData\Local\Temp\sdo4.o
                idloc                            200000   200000        8        0       5
                config                           300000   300000        E        0       4
                init                                  0        0        4        0       0
dist/default/production\HouseAutomatic.X.production.o
                idloc                            200000   200000        8        0       5
                config                           300000   300000        E        0       4
                smallconst                          800      800       78      400       0
                text49                             3262     3262       18     18F7       0
                text48                             3248     3248       1A     18F7       0
                text47                             2E24     2E24       4A     1538       0
                text46                             322C     322C       1C     18F7       0
                text45                             3176     3176       2E     1538       0
                text44                             32A2     32A2       14     18F7       0
                text43                             3210     3210       1C     18F7       0
                text42                             2D74     2D74       5E     1538       0
                text41                             2BA4     2BA4       8E     1538       0
                text40                             328E     328E       14     18F7       0
                text39                             327A     327A       14     18F7       0
                text38                             32B6     32B6       12     18F7       0
                text37                             303A     303A       3A     1538       0
                text36                             31EE     31EE       22     18F7       0
                text35                             3148     3148       2E     1538       0
                text34                             311A     311A       2E     1538       0
                text33                             2EB6     2EB6       46     1538       0
                text32                             32D0     32D0        2     18F7       0
                text31                             2828     2828       CA      43C       0
                text30                             2750     2750       D8      43C       0
                text29                             20E4     20E4      188      43C       0
                text28                             23E2     23E2      164      43C       0
                text27                             2F80     2F80       40     1538       0
                text26                             2EFC     2EFC       44     1538       0
                text25                             30E4     30E4       36     1538       0
                text24                             28F2     28F2       C6      43C       0
                text23                             1346     1346      2E4      43C       0
                text22                             2FFE     2FFE       3C     1538       0
                text21                             30AC     30AC       38     1538       0
                text20                             3074     3074       38     1538       0
                text19                             2D16     2D16       5E     1538       0
                text18                             162A     162A      2DA      43C       0
                text17                             103C     103C      30A      43C       0
                text16                             2CB4     2CB4       62     1538       0
                text15                             2DD2     2DD2       52     1538       0
                text14                             2B0C     2B0C       98     1538       0
                text13                             2A70     2A70       9C     1538       0
                text12                              CA2      CA2      39A      43C       0
                text11                             264C     264C      104      43C       0
                text10                              878      878      42A      43C       0
                text9                              1D96     1D96      1B4      43C       0
                text8                              1F4A     1F4A      19A      43C       0
                text7                              2F40     2F40       40     1538       0
                text6                              31A4     31A4       26     1538       0
                text5                              1B92     1B92      204      43C       0
                text4                              2E6E     2E6E       48     1538       0
                text3                              2546     2546      106      43C       0
                text2                              226C     226C      176      43C       0
                text1                              1904     1904      28E      43C       0
                text0                              2FC0     2FC0       3E     1538       0
                cstackCOMRAM                          1        1       5F        1       1
                cstackBANK0                          60       60       83       60       1
                dataBANK2                           200      200       23      200       1
                dataBANK1                           100      100       B7      100       1
                bssBANK1                            1B7      1B7       3E      100       1
                dataBANK0                            F1       F1        8       60       1
                bssBANK0                             E3       E3        E       60       1
                cinit                              2C32     2C32       82     1538       0
                idataBANK2                         31CA     31CA       23     1538       0
                idataBANK1                         29B8     29B8       B7      43C       0
                idataBANK0                         32C8     32C8        8     18F7       0

TOTAL           Name                               Link     Load   Length     Space
        CLASS   STACK          

        CLASS   CODE           
                init                                  0        0        4         0
                text49                             3262     3262       18         0
                text48                             3248     3248       1A         0
                text47                             2E24     2E24       4A         0
                text46                             322C     322C       1C         0
                text45                             3176     3176       2E         0
                text44                             32A2     32A2       14         0
                text43                             3210     3210       1C         0
                text42                             2D74     2D74       5E         0
                text41                             2BA4     2BA4       8E         0
                text40                             328E     328E       14         0
                text39                             327A     327A       14         0
                text38                             32B6     32B6       12         0
                text37                             303A     303A       3A         0
                text36                             31EE     31EE       22         0
                text35                             3148     3148       2E         0
                text34                             311A     311A       2E         0
                text33                             2EB6     2EB6       46         0
                text32                             32D0     32D0        2         0
                text31                             2828     2828       CA         0
                text30                             2750     2750       D8         0
                text29                             20E4     20E4      188         0
                text28                             23E2     23E2      164         0
                text27                             2F80     2F80       40         0
                text26                             2EFC     2EFC       44         0
                text25                             30E4     30E4       36         0
                text24                             28F2     28F2       C6         0
                text23                             1346     1346      2E4         0
                text22                             2FFE     2FFE       3C         0
                text21                             30AC     30AC       38         0
                text20                             3074     3074       38         0
                text19                             2D16     2D16       5E         0
                text18                             162A     162A      2DA         0
                text17                             103C     103C      30A         0
                text16                             2CB4     2CB4       62         0
                text15                             2DD2     2DD2       52         0
                text14                             2B0C     2B0C       98         0
                text13                             2A70     2A70       9C         0
                text12                              CA2      CA2      39A         0
                text11                             264C     264C      104         0
                text10                              878      878      42A         0
                text9                              1D96     1D96      1B4         0
                text8                              1F4A     1F4A      19A         0
                text7                              2F40     2F40       40         0
                text6                              31A4     31A4       26         0
                text5                              1B92     1B92      204         0
                text4                              2E6E     2E6E       48         0
                text3                              2546     2546      106         0
                text2                              226C     226C      176         0
                text1                              1904     1904      28E         0
                text0                              2FC0     2FC0       3E         0
                cinit                              2C32     2C32       82         0
                idataBANK2                         31CA     31CA       23         0
                idataBANK1                         29B8     29B8       B7         0
                idataBANK0                         32C8     32C8        8         0

        CLASS   CONST          

        CLASS   SMALLCONST     
                smallconst                          800      800       78         0

        CLASS   MEDIUMCONST    

        CLASS   COMRAM         
                cstackCOMRAM                          1        1       5F         1

        CLASS   ABS1           

        CLASS   BIGRAM         

        CLASS   RAM            

        CLASS   BANK0          
                cstackBANK0                          60       60       83         1
                dataBANK0                            F1       F1        8         1
                bssBANK0                             E3       E3        E         1

        CLASS   BANK1          
                dataBANK1                           100      100       B7         1
                bssBANK1                            1B7      1B7       3E         1

        CLASS   BANK2          
                dataBANK2                           200      200       23         1

        CLASS   BANK3          

        CLASS   BANK4          

        CLASS   BANK5          

        CLASS   BANK6          

        CLASS   BANK7          

        CLASS   SFR            

        CLASS   CONFIG         
                config                           300000   300000        E         4

        CLASS   IDLOC          
                idloc                            200000   200000        8         5

        CLASS   EEDATA         

        CLASS   FARRAM         



SEGMENTS        Name                           Load    Length   Top    Selector   Space  Class

                reset_vec                      000000  000004  000004         0       0  CODE    
                cstackCOMRAM                   000001  00005F  000060         1       1  COMRAM  
                cstackBANK0                    000060  000099  0000F9        60       1  BANK0   
                dataBANK1                      000100  0000F5  0001F5       100       1  BANK1   
                dataBANK2                      000200  000023  000223       200       1  BANK2   
                smallconst                     000800  000078  000878       400       0  SMALLCON
                text10                         000878  0021F7  002A6F       43C       0  CODE    
                text13                         002A70  00077D  0031ED      1538       0  CODE    
                text36                         0031EE  0000E4  0032D2      18F7       0  CODE    


UNUSED ADDRESS RANGES

        Name                Unused          Largest block    Delta
        BANK0            0000F9-0000FF                7
        BANK1            0001F5-0001FF                B
        BANK2            000223-0002FF               DD
        BANK3            000300-0003FF              100
        BANK4            000400-0004FF              100
        BANK5            000500-0005FF              100
        BANK6            000600-0006FF              100
        BANK7            000700-0007FF              100
        BIGRAM           0000F9-0000FF                7
                         0001F5-0001FF                B
                         000223-0007FF              5DD
        CODE             000004-0007FF              7FC
                         002A6F-002A6F                1
                         0031ED-0031ED                1
                         0032D2-007FFF             4D2E
        CONST            000004-0007FF              7FC
                         002A6F-002A6F                1
                         0031ED-0031ED                1
                         0032D2-007FFF             4D2E
        EEDATA           F00000-F000FF              100
        MEDIUMCONST      002A6F-002A6F                1
                         0031ED-0031ED                1
                         0032D2-007FFF             4D2E
        RAM              0000F9-0000FF                7
                         0001F5-0001FF                B
                         000223-0007FF              100
        SFR              000F60-000FFF               A0
        SMALLCONST       002A6F-002A6F                1
                         0031ED-0031ED                1
                         0032D2-007FFF              100
        STACK            000223-0007FF              5DD

                                  Symbol Table

?_ADC_Read                            cstackCOMRAM 000001
?___aodiv                             cstackCOMRAM 000001
?___aomod                             cstackCOMRAM 000001
?___fldiv                             cstackCOMRAM 000030
?___flmul                             cstackCOMRAM 000017
?___fltol                             cstackCOMRAM 000001
?___xxtofl                            cstackCOMRAM 000009
?_abs                                 cstackCOMRAM 000013
?_ctoa                                cstackCOMRAM 00000A
?_dtoa                                cstackCOMRAM 00001C
?_isalpha                             cstackCOMRAM 000001
?_islower                             cstackCOMRAM 000001
?_isupper                             cstackCOMRAM 000001
?_pad                                 cstackCOMRAM 000011
?_sprintf                             cstackBANK0  000066
?_strlen                              cstackCOMRAM 000001
?_toupper                             cstackCOMRAM 000007
?_vfpfcnvrt                           cstackCOMRAM 000043
?_vfprintf                            cstackBANK0  000060
?_xtoa                                cstackCOMRAM 00001C
ADC_Read@channel                      cstackCOMRAM 000001
ADC_Read@digital                      cstackCOMRAM 000007
I2C_Read@buffer                       cstackCOMRAM 000002
I2C_Read@flag                         cstackCOMRAM 000001
I2C_Repeated_Start@slave_read_address cstackCOMRAM 000002
I2C_Start@slave_write_address         cstackCOMRAM 000002
I2C_Write@data                        cstackCOMRAM 000001
LCD_Char@char_data                    cstackCOMRAM 000007
LCD_Command@cmd                       cstackCOMRAM 000007
LCD_Custom_Char@i                     cstackCOMRAM 00000B
LCD_Custom_Char@loc                   cstackCOMRAM 00000A
LCD_Custom_Char@msg                   cstackCOMRAM 000008
LCD_String@msg                        cstackCOMRAM 000008
LCD_String_xy@pos                     cstackCOMRAM 00000A
LCD_String_xy@row                     cstackCOMRAM 00000D
LCD_String_xy@str                     cstackCOMRAM 00000B
MSdelay@i                             cstackCOMRAM 000003
MSdelay@j                             cstackCOMRAM 000005
MSdelay@val                           cstackCOMRAM 000001
RTC_Read_Clock@read_clock_address     cstackCOMRAM 000004
SensorLuz@F3722                       dataBANK1    00015D
SensorLuz@F3725                       dataBANK1    00019B
SensorLuz@buffer_TX3                  cstackBANK0  000060
SensorLuz@buffer_TX4                  cstackBANK0  000075
SensorLuz@i                           cstackBANK0  00008D
SensorLuz@i_909                       cstackBANK0  00008F
SensorLuz@val                         cstackBANK0  000089
SensorMovimiento@F3729                dataBANK1    000187
SensorMovimiento@F3731                dataBANK1    000123
SensorMovimiento@F3734                dataBANK1    000100
SensorMovimiento@F3737                dataBANK2    000200
SensorMovimiento@buf                  cstackBANK0  0000C9
SensorMovimiento@buffer_TX5           cstackBANK0  000060
SensorMovimiento@buffer_TX6           cstackBANK0  000083
SensorMovimiento@buffer_TX7           cstackBANK0  0000A6
SensorMovimiento@i                    cstackBANK0  0000DD
SensorMovimiento@i_935                cstackBANK0  0000DF
SensorMovimiento@i_940                cstackBANK0  0000E1
SensorTemperatura@F3714               dataBANK1    000146
SensorTemperatura@F3717               dataBANK1    000172
SensorTemperatura@Temperature         cstackBANK0  0000A4
SensorTemperatura@buffer_TX1          cstackBANK0  000078
SensorTemperatura@buffer_TX2          cstackBANK0  00008F
SensorTemperatura@celsius             cstackBANK0  0000B2
SensorTemperatura@i                   cstackBANK0  0000AE
SensorTemperatura@i_892               cstackBANK0  0000B0
_ACKDT                                (abs)        007E2D
_ACKEN                                (abs)        007E2C
_ACKSTAT                              (abs)        007E2E
_ADCON0                               (abs)        000FC2
_ADCON0bits                           (abs)        000FC2
_ADCON1                               (abs)        000FC1
_ADCON2                               (abs)        000FC0
_ADC_Init                             text49       003262
_ADC_Read                             text13       002A70
_ADON                                 (abs)        007E10
_ADRESH                               (abs)        000FC4
_ADRESL                               (abs)        000FC3
_BAUDCONbits                          (abs)        000FB8
_GO                                   (abs)        007E11
_I2C_Ack                              text40       00328E
_I2C_Init                             text48       003248
_I2C_Nack                             text39       00327A
_I2C_Read                             text37       00303A
_I2C_Ready                            text38       0032B6
_I2C_Repeated_Start                   text35       003148
_I2C_Start                            text34       00311A
_I2C_Stop                             text44       0032A2
_I2C_Write                            text36       0031EE
_LATB2                                (abs)        007C52
_LATB3                                (abs)        007C53
_LATC0                                (abs)        007C58
_LATC1                                (abs)        007C59
_LATC2                                (abs)        007C5A
_LATD                                 (abs)        000F8C
_LATE1                                (abs)        007C69
_LATE2                                (abs)        007C6A
_LCD_Char                             text43       003210
_LCD_Command                          text46       00322C
_LCD_Custom_Char                      text4        002E6E
_LCD_Init                             text45       003176
_LCD_String                           text42       002D74
_LCD_String_xy                        text41       002BA4
_MSdelay                              text47       002E24
_OSCCON                               (abs)        000FD3
_PEN                                  (abs)        007E2A
_PORTAbits                            (abs)        000F80
_PORTEbits                            (abs)        000F84
_RCEN                                 (abs)        007E2B
_RCSTAbits                            (abs)        000FAB
_RSEN                                 (abs)        007E29
_RTC                                  text14       002B0C
_RTC_Read_Clock                       text33       002EB6
_SPBRG                                (abs)        000FAF
_SSPADD                               (abs)        000FC8
_SSPBUF                               (abs)        000FC9
_SSPCON1                              (abs)        000FC6
_SSPCON2                              (abs)        000FC5
_SSPCON2bits                          (abs)        000FC5
_SSPIE                                (abs)        007CEB
_SSPIF                                (abs)        007CF3
_SSPSTAT                              (abs)        000FC7
_SSPSTATbits                          (abs)        000FC7
_SensorLuz                            text8        001F4A
_SensorMovimiento                     text5        001B92
_SensorTemperatura                    text1        001904
_TRISA                                (abs)        000F92
_TRISAbits                            (abs)        000F92
_TRISB0                               (abs)        007C98
_TRISB1                               (abs)        007C99
_TRISBbits                            (abs)        000F93
_TRISCbits                            (abs)        000F94
_TRISD                                (abs)        000F95
_TRISE                                (abs)        000F96
_TXREG                                (abs)        000FAD
_TXSTAbits                            (abs)        000FAC
__HRAM                                (abs)        000000
__Habs1                               abs1         000000
__Hbank0                              bank0        000000
__Hbank1                              bank1        000000
__Hbank2                              bank2        000000
__Hbank3                              bank3        000000
__Hbank4                              bank4        000000
__Hbank5                              bank5        000000
__Hbank6                              bank6        000000
__Hbank7                              bank7        000000
__Hbigbss                             bigbss       000000
__Hbigdata                            bigdata      000000
__Hbigram                             bigram       000000
__Hbss                                bss          000000
__HbssBANK0                           bssBANK0     000000
__HbssBANK1                           bssBANK1     000000
__Hcinit                              cinit        000000
__Hclrtext                            clrtext      000000
__Hcomram                             comram       000000
__Hconfig                             config       30000E
__Hconst                              const        000000
__HcstackBANK0                        cstackBANK0  000000
__HcstackCOMRAM                       cstackCOMRAM 000000
__Hdata                               data         000000
__HdataBANK0                          dataBANK0    000000
__HdataBANK1                          dataBANK1    000000
__HdataBANK2                          dataBANK2    000000
__Heeprom_data                        eeprom_data  000000
__Hfarbss                             farbss       000000
__Hfardata                            fardata      000000
__Hibigdata                           ibigdata     000000
__Hidata                              idata        000000
__HidataBANK0                         idataBANK0   000000
__HidataBANK1                         idataBANK1   000000
__HidataBANK2                         idataBANK2   000000
__Hidloc                              idloc        200008
__Hifardata                           ifardata     000000
__Hinit                               init         000004
__Hintcode                            intcode      000000
__Hintcode_body                       intcode_body 000000
__Hintcodelo                          intcodelo    000000
__Hintentry                           intentry     000000
__Hintret                             intret       000000
__Hintsave_regs                       intsave_regs 000000
__Hirdata                             irdata       000000
__Hmediumconst                        mediumconst  000000
__HnvFARRAM                           nvFARRAM     000000
__Hnvbit                              nvbit        000000
__Hnvrram                             nvrram       000000
__Hparam                              rparam       000000
__Hpowerup                            powerup      000000
__Hram                                ram          000000
__Hramtop                             ramtop       000800
__Hrbit                               rbit         000000
__Hrbss                               rbss         000000
__Hrdata                              rdata        000000
__Hreset_vec                          reset_vec    000000
__Hrparam                             rparam       000000
__Hsfr                                sfr          000000
__Hsmallconst                         smallconst   000878
__Hspace_0                            (abs)        0032D2
__Hspace_1                            (abs)        000223
__Hspace_2                            (abs)        000000
__Hspace_4                            (abs)        60000E
__Hstack                              stack        000000
__Hstruct                             struct       000000
__Htemp                               temp         000000
__Htext                               text         000000
__Htext0                              text0        000000
__Htext1                              text1        000000
__Htext10                             text10       000000
__Htext11                             text11       000000
__Htext12                             text12       000000
__Htext13                             text13       000000
__Htext14                             text14       000000
__Htext15                             text15       000000
__Htext16                             text16       000000
__Htext17                             text17       000000
__Htext18                             text18       000000
__Htext19                             text19       000000
__Htext2                              text2        000000
__Htext20                             text20       000000
__Htext21                             text21       000000
__Htext22                             text22       000000
__Htext23                             text23       000000
__Htext24                             text24       000000
__Htext25                             text25       000000
__Htext26                             text26       000000
__Htext27                             text27       000000
__Htext28                             text28       000000
__Htext29                             text29       000000
__Htext3                              text3        000000
__Htext30                             text30       000000
__Htext31                             text31       000000
__Htext32                             text32       000000
__Htext33                             text33       000000
__Htext34                             text34       000000
__Htext35                             text35       000000
__Htext36                             text36       000000
__Htext37                             text37       000000
__Htext38                             text38       000000
__Htext39                             text39       000000
__Htext4                              text4        000000
__Htext40                             text40       000000
__Htext41                             text41       000000
__Htext42                             text42       000000
__Htext43                             text43       000000
__Htext44                             text44       000000
__Htext45                             text45       000000
__Htext46                             text46       000000
__Htext47                             text47       000000
__Htext48                             text48       000000
__Htext49                             text49       000000
__Htext5                              text5        000000
__Htext6                              text6        000000
__Htext7                              text7        000000
__Htext8                              text8        000000
__Htext9                              text9        000000
__LRAM                                (abs)        000001
__Labs1                               abs1         000000
__Lbank0                              bank0        000000
__Lbank1                              bank1        000000
__Lbank2                              bank2        000000
__Lbank3                              bank3        000000
__Lbank4                              bank4        000000
__Lbank5                              bank5        000000
__Lbank6                              bank6        000000
__Lbank7                              bank7        000000
__Lbigbss                             bigbss       000000
__Lbigdata                            bigdata      000000
__Lbigram                             bigram       000000
__Lbss                                bss          000000
__LbssBANK0                           bssBANK0     000000
__LbssBANK1                           bssBANK1     000000
__Lcinit                              cinit        000000
__Lclrtext                            clrtext      000000
__Lcomram                             comram       000000
__Lconfig                             config       000000
__Lconst                              const        000000
__LcstackBANK0                        cstackBANK0  000000
__LcstackCOMRAM                       cstackCOMRAM 000000
__Ldata                               data         000000
__LdataBANK0                          dataBANK0    000000
__LdataBANK1                          dataBANK1    000000
__LdataBANK2                          dataBANK2    000000
__Leeprom_data                        eeprom_data  000000
__Lfarbss                             farbss       000000
__Lfardata                            fardata      000000
__Libigdata                           ibigdata     000000
__Lidata                              idata        000000
__LidataBANK0                         idataBANK0   000000
__LidataBANK1                         idataBANK1   000000
__LidataBANK2                         idataBANK2   000000
__Lidloc                              idloc        000000
__Lifardata                           ifardata     000000
__Linit                               init         000000
__Lintcode                            intcode      000000
__Lintcode_body                       intcode_body 000000
__Lintcodelo                          intcodelo    000000
__Lintentry                           intentry     000000
__Lintret                             intret       000000
__Lintsave_regs                       intsave_regs 000000
__Lirdata                             irdata       000000
__Lmediumconst                        mediumconst  000000
__LnvFARRAM                           nvFARRAM     000000
__Lnvbit                              nvbit        000000
__Lnvrram                             nvrram       000000
__Lparam                              rparam       000000
__Lpowerup                            powerup      000000
__Lram                                ram          000000
__Lramtop                             ramtop       000800
__Lrbit                               rbit         000000
__Lrbss                               rbss         000000
__Lrdata                              rdata        000000
__Lreset_vec                          reset_vec    000000
__Lrparam                             rparam       000000
__Lsfr                                sfr          000000
__Lsmallconst                         smallconst   000800
__Lspace_0                            (abs)        000000
__Lspace_1                            (abs)        000000
__Lspace_2                            (abs)        000000
__Lspace_4                            (abs)        000000
__Lstack                              stack        000000
__Lstruct                             struct       000000
__Ltemp                               temp         000000
__Ltext                               text         000000
__Ltext0                              text0        000000
__Ltext1                              text1        000000
__Ltext10                             text10       000000
__Ltext11                             text11       000000
__Ltext12                             text12       000000
__Ltext13                             text13       000000
__Ltext14                             text14       000000
__Ltext15                             text15       000000
__Ltext16                             text16       000000
__Ltext17                             text17       000000
__Ltext18                             text18       000000
__Ltext19                             text19       000000
__Ltext2                              text2        000000
__Ltext20                             text20       000000
__Ltext21                             text21       000000
__Ltext22                             text22       000000
__Ltext23                             text23       000000
__Ltext24                             text24       000000
__Ltext25                             text25       000000
__Ltext26                             text26       000000
__Ltext27                             text27       000000
__Ltext28                             text28       000000
__Ltext29                             text29       000000
__Ltext3                              text3        000000
__Ltext30                             text30       000000
__Ltext31                             text31       000000
__Ltext32                             text32       000000
__Ltext33                             text33       000000
__Ltext34                             text34       000000
__Ltext35                             text35       000000
__Ltext36                             text36       000000
__Ltext37                             text37       000000
__Ltext38                             text38       000000
__Ltext39                             text39       000000
__Ltext4                              text4        000000
__Ltext40                             text40       000000
__Ltext41                             text41       000000
__Ltext42                             text42       000000
__Ltext43                             text43       000000
__Ltext44                             text44       000000
__Ltext45                             text45       000000
__Ltext46                             text46       000000
__Ltext47                             text47       000000
__Ltext48                             text48       000000
__Ltext49                             text49       000000
__Ltext5                              text5        000000
__Ltext6                              text6        000000
__Ltext7                              text7        000000
__Ltext8                              text8        000000
__Ltext9                              text9        000000
__S0                                  (abs)        0032D2
__S1                                  (abs)        000223
__S2                                  (abs)        000000
__S4                                  (abs)        000000
__S5                                  (abs)        000000
___aodiv                              text29       0020E4
___aodiv@counter                      cstackCOMRAM 000011
___aodiv@dividend                     cstackCOMRAM 000001
___aodiv@divisor                      cstackCOMRAM 000009
___aodiv@quotient                     cstackCOMRAM 000013
___aodiv@sign                         cstackCOMRAM 000012
___aomod                              text28       0023E2
___aomod@counter                      cstackCOMRAM 000011
___aomod@dividend                     cstackCOMRAM 000001
___aomod@divisor                      cstackCOMRAM 000009
___aomod@sign                         cstackCOMRAM 000012
___fldiv                              text12       000CA2
___fldiv@a                            cstackCOMRAM 000034
___fldiv@aexp                         cstackCOMRAM 000048
___fldiv@b                            cstackCOMRAM 000030
___fldiv@bexp                         cstackCOMRAM 000047
___fldiv@grs                          cstackCOMRAM 000043
___fldiv@new_exp                      cstackCOMRAM 000041
___fldiv@rem                          cstackCOMRAM 00003C
___fldiv@sign                         cstackCOMRAM 000040
___flge                               text11       00264C
___flge@ff1                           cstackCOMRAM 000001
___flge@ff2                           cstackCOMRAM 000005
___flmul                              text10       000878
___flmul@a                            cstackCOMRAM 00001B
___flmul@aexp                         cstackCOMRAM 000028
___flmul@b                            cstackCOMRAM 000017
___flmul@bexp                         cstackCOMRAM 000029
___flmul@grs                          cstackCOMRAM 000024
___flmul@prod                         cstackCOMRAM 00002A
___flmul@sign                         cstackCOMRAM 000023
___flmul@temp                         cstackCOMRAM 00002E
___fltol                              text3        002546
___fltol@exp1                         cstackCOMRAM 00000A
___fltol@f1                           cstackCOMRAM 000001
___fltol@sign1                        cstackCOMRAM 000009
___inthi_sp                           stack        000000
___intlo_sp                           stack        000000
___param_bank                         (abs)        000000
___rparam_used                        (abs)        000001
___sp                                 stack        000000
___xxtofl                             text9        001D96
___xxtofl@arg                         cstackCOMRAM 000013
___xxtofl@exp                         cstackCOMRAM 000012
___xxtofl@sign                        cstackCOMRAM 000011
___xxtofl@val                         cstackCOMRAM 000009
__accesstop                           (abs)        000060
__activetblptr                        (abs)        000002
__end_of_ADC_Init                     text49       00327A
__end_of_ADC_Read                     text13       002B0C
__end_of_I2C_Ack                      text40       0032A2
__end_of_I2C_Init                     text48       003262
__end_of_I2C_Nack                     text39       00328E
__end_of_I2C_Read                     text37       003074
__end_of_I2C_Ready                    text38       0032C8
__end_of_I2C_Repeated_Start           text35       003176
__end_of_I2C_Start                    text34       003148
__end_of_I2C_Stop                     text44       0032B6
__end_of_I2C_Write                    text36       003210
__end_of_LCD_Char                     text43       00322C
__end_of_LCD_Command                  text46       003248
__end_of_LCD_Custom_Char              text4        002EB6
__end_of_LCD_Init                     text45       0031A4
__end_of_LCD_String                   text42       002DD2
__end_of_LCD_String_xy                text41       002C32
__end_of_MSdelay                      text47       002E6E
__end_of_RTC                          text14       002BA4
__end_of_RTC_Read_Clock               text33       002EFC
__end_of_SensorLuz                    text8        0020E4
__end_of_SensorMovimiento             text5        001D96
__end_of_SensorTemperatura            text1        001B92
__end_of___aodiv                      text29       00226C
__end_of___aomod                      text28       002546
__end_of___fldiv                      text12       00103C
__end_of___flge                       text11       002750
__end_of___flmul                      text10       000CA2
__end_of___fltol                      text3        00264C
__end_of___xxtofl                     text9        001F4A
__end_of__initialization              cinit        002CAA
__end_of_abs                          text27       002FC0
__end_of_ctoa                         text30       002828
__end_of_dtoa                         text23       00162A
__end_of_fputc                        text31       0028F2
__end_of_fputs                        text26       002F40
__end_of_isalpha                      text22       00303A
__end_of_islower                      text20       0030AC
__end_of_isupper                      text21       0030E4
__end_of_main                         text0        002FFE
__end_of_memset                       text2        0023E2
__end_of_pad                          text24       0029B8
__end_of_putch                        text32       0032D2
__end_of_sprintf                      text15       002E24
__end_of_strcat                       text6        0031CA
__end_of_strcpy                       text7        002F80
__end_of_strlen                       text25       00311A
__end_of_toupper                      text19       002D74
__end_of_vfpfcnvrt                    text17       001346
__end_of_vfprintf                     text16       002D16
__end_of_xtoa                         text18       001904
__initialization                      cinit        002C32
__mediumconst                         mediumconst  000000
__pbssBANK0                           bssBANK0     0000E3
__pbssBANK1                           bssBANK1     0001B7
__pcinit                              cinit        002C32
__pcstackBANK0                        cstackBANK0  000060
__pcstackCOMRAM                       cstackCOMRAM 000001
__pdataBANK0                          dataBANK0    0000F1
__pdataBANK1                          dataBANK1    000100
__pdataBANK2                          dataBANK2    000200
__pidataBANK0                         idataBANK0   0032C8
__pidataBANK1                         idataBANK1   0029B8
__pidataBANK2                         idataBANK2   0031CA
__psmallconst                         smallconst   000800
__ptext0                              text0        002FC0
__ptext1                              text1        001904
__ptext10                             text10       000878
__ptext11                             text11       00264C
__ptext12                             text12       000CA2
__ptext13                             text13       002A70
__ptext14                             text14       002B0C
__ptext15                             text15       002DD2
__ptext16                             text16       002CB4
__ptext17                             text17       00103C
__ptext18                             text18       00162A
__ptext19                             text19       002D16
__ptext2                              text2        00226C
__ptext20                             text20       003074
__ptext21                             text21       0030AC
__ptext22                             text22       002FFE
__ptext23                             text23       001346
__ptext24                             text24       0028F2
__ptext25                             text25       0030E4
__ptext26                             text26       002EFC
__ptext27                             text27       002F80
__ptext28                             text28       0023E2
__ptext29                             text29       0020E4
__ptext3                              text3        002546
__ptext30                             text30       002750
__ptext31                             text31       002828
__ptext32                             text32       0032D0
__ptext33                             text33       002EB6
__ptext34                             text34       00311A
__ptext35                             text35       003148
__ptext36                             text36       0031EE
__ptext37                             text37       00303A
__ptext38                             text38       0032B6
__ptext39                             text39       00327A
__ptext4                              text4        002E6E
__ptext40                             text40       00328E
__ptext41                             text41       002BA4
__ptext42                             text42       002D74
__ptext43                             text43       003210
__ptext44                             text44       0032A2
__ptext45                             text45       003176
__ptext46                             text46       00322C
__ptext47                             text47       002E24
__ptext48                             text48       003248
__ptext49                             text49       003262
__ptext5                              text5        001B92
__ptext6                              text6        0031A4
__ptext7                              text7        002F40
__ptext8                              text8        001F4A
__ptext9                              text9        001D96
__ramtop                              ramtop       000800
__size_of_ADC_Init                    (abs)        000000
__size_of_ADC_Read                    (abs)        000000
__size_of_I2C_Ack                     (abs)        000000
__size_of_I2C_Init                    (abs)        000000
__size_of_I2C_Nack                    (abs)        000000
__size_of_I2C_Read                    (abs)        000000
__size_of_I2C_Ready                   (abs)        000000
__size_of_I2C_Repeated_Start          (abs)        000000
__size_of_I2C_Start                   (abs)        000000
__size_of_I2C_Stop                    (abs)        000000
__size_of_I2C_Write                   (abs)        000000
__size_of_LCD_Char                    (abs)        000000
__size_of_LCD_Command                 (abs)        000000
__size_of_LCD_Custom_Char             (abs)        000000
__size_of_LCD_Init                    (abs)        000000
__size_of_LCD_String                  (abs)        000000
__size_of_LCD_String_xy               (abs)        000000
__size_of_MSdelay                     (abs)        000000
__size_of_RTC                         (abs)        000000
__size_of_RTC_Read_Clock              (abs)        000000
__size_of_SensorLuz                   (abs)        000000
__size_of_SensorMovimiento            (abs)        000000
__size_of_SensorTemperatura           (abs)        000000
__size_of___aodiv                     (abs)        000000
__size_of___aomod                     (abs)        000000
__size_of___fldiv                     (abs)        000000
__size_of___flge                      (abs)        000000
__size_of___flmul                     (abs)        000000
__size_of___fltol                     (abs)        000000
__size_of___xxtofl                    (abs)        000000
__size_of_abs                         (abs)        000000
__size_of_ctoa                        (abs)        000000
__size_of_dtoa                        (abs)        000000
__size_of_fputc                       (abs)        000000
__size_of_fputs                       (abs)        000000
__size_of_isalpha                     (abs)        000000
__size_of_islower                     (abs)        000000
__size_of_isupper                     (abs)        000000
__size_of_main                        (abs)        000000
__size_of_memset                      (abs)        000000
__size_of_pad                         (abs)        000000
__size_of_putch                       (abs)        000000
__size_of_sprintf                     (abs)        000000
__size_of_strcat                      (abs)        000000
__size_of_strcpy                      (abs)        000000
__size_of_strlen                      (abs)        000000
__size_of_toupper                     (abs)        000000
__size_of_vfpfcnvrt                   (abs)        000000
__size_of_vfprintf                    (abs)        000000
__size_of_xtoa                        (abs)        000000
__smallconst                          smallconst   000800
_abs                                  text27       002F80
_character1                           dataBANK0    0000F1
_character2                           dataBANK1    0001AF
_ctoa                                 text30       002750
_dbuf                                 bssBANK1     0001B7
_dtoa                                 text23       001346
_dtoa$1489                            cstackCOMRAM 00002E
_flags                                bssBANK0     0000E9
_fputc                                text31       002828
_fputs                                text26       002EFC
_hour                                 bssBANK0     0000EB
_hours                                bssBANK1     0001D7
_isalpha                              text22       002FFE
_islower                              text20       003074
_isupper                              text21       0030AC
_main                                 text0        002FC0
_memset                               text2        00226C
_min                                  bssBANK0     0000ED
_mins                                 bssBANK1     0001E1
_nout                                 bssBANK0     0000E3
_pad                                  text24       0028F2
_prec                                 bssBANK0     0000E7
_putch                                text32       0032D0
_sec                                  bssBANK0     0000EF
_secs                                 bssBANK1     0001EB
_sprintf                              text15       002DD2
_strcat                               text6        0031A4
_strcpy                               text7        002F40
_strlen                               text25       0030E4
_toupper                              text19       002D16
_toupper$1600                         cstackCOMRAM 00000D
_vfpfcnvrt                            text17       00103C
_vfprintf                             text16       002CB4
_width                                bssBANK0     0000E5
_xtoa                                 text18       00162A
_xtoa$1500                            cstackCOMRAM 00002F
_xtoa$1501                            cstackCOMRAM 000031
abs@a                                 cstackCOMRAM 000013
ctoa@c                                cstackCOMRAM 00000C
ctoa@fp                               cstackCOMRAM 00000A
ctoa@l                                cstackCOMRAM 00000E
ctoa@w                                cstackCOMRAM 000010
dtoa@d                                cstackCOMRAM 00001E
dtoa@fp                               cstackCOMRAM 00001C
dtoa@i                                cstackCOMRAM 00003E
dtoa@n                                cstackCOMRAM 000036
dtoa@p                                cstackCOMRAM 000030
dtoa@s                                cstackCOMRAM 000034
dtoa@w                                cstackCOMRAM 000032
end_of_initialization                 cinit        002CAA
fputc@c                               cstackCOMRAM 000001
fputc@fp                              cstackCOMRAM 000003
fputs@c                               cstackCOMRAM 00000E
fputs@fp                              cstackCOMRAM 00000C
fputs@i                               cstackCOMRAM 00000F
fputs@s                               cstackCOMRAM 00000A
intlevel0                             text         000000
intlevel1                             text         000000
intlevel2                             text         000000
intlevel3                             text         000000
isalpha@c                             cstackCOMRAM 000001
islower@c                             cstackCOMRAM 000001
isupper@c                             cstackCOMRAM 000001
memset@c                              cstackCOMRAM 000003
memset@dest                           cstackCOMRAM 000001
memset@k                              cstackCOMRAM 000009
memset@n                              cstackCOMRAM 000005
memset@s                              cstackCOMRAM 00000B
pad@buf                               cstackCOMRAM 000013
pad@fp                                cstackCOMRAM 000011
pad@i                                 cstackCOMRAM 000018
pad@p                                 cstackCOMRAM 000015
pad@w                                 cstackCOMRAM 00001A
sprintf@ap                            cstackBANK0  000070
sprintf@f                             cstackBANK0  000072
sprintf@fmt                           cstackBANK0  000068
sprintf@s                             cstackBANK0  000066
stackhi                               (abs)        0007FF
stacklo                               (abs)        000223
start                                 init         000000
start_initialization                  cinit        002C32
strcat@dest                           cstackCOMRAM 00000D
strcat@src                            cstackCOMRAM 00000F
strcpy@d                              cstackCOMRAM 00000B
strcpy@dest                           cstackCOMRAM 000005
strcpy@s                              cstackCOMRAM 000009
strcpy@src                            cstackCOMRAM 000007
strlen@a                              cstackCOMRAM 000003
strlen@s                              cstackCOMRAM 000001
toupper@c                             cstackCOMRAM 000007
vfpfcnvrt@ap                          cstackCOMRAM 000047
vfpfcnvrt@c                           cstackCOMRAM 00005D
vfpfcnvrt@fmt                         cstackCOMRAM 000045
vfpfcnvrt@fp                          cstackCOMRAM 000043
vfpfcnvrt@ll                          cstackCOMRAM 00004D
vfpfcnvrt@llu                         cstackCOMRAM 000055
vfprintf@ap                           cstackBANK0  000064
vfprintf@cfmt                         cstackCOMRAM 00005E
vfprintf@fmt                          cstackBANK0  000062
vfprintf@fp                           cstackBANK0  000060
xtoa@c                                cstackCOMRAM 000041
xtoa@d                                cstackCOMRAM 00001E
xtoa@fp                               cstackCOMRAM 00001C
xtoa@i                                cstackCOMRAM 00003F
xtoa@n                                cstackCOMRAM 000037
xtoa@p                                cstackCOMRAM 000033
xtoa@w                                cstackCOMRAM 000035
xtoa@x                                cstackCOMRAM 000026


FUNCTION INFORMATION:

 *************** function _main *****************
 Defined at:
		line 58 in file "Controler.c"
 Parameters:    Size  Location     Type
		None
 Auto vars:     Size  Location     Type
		None
 Return value:  Size  Location     Type
                  1    wreg      void 
 Registers used:
		wreg, fsr1l, fsr1h, fsr2l, fsr2h, status,2, status,0, tblptrl, tblptrh, tblptru, prodl, prodh, cstack
 Tracked objects:
		On entry : 
		On exit  : 
		Unchanged: 
 Data sizes:     COMRAM   BANK0   BANK1   BANK2   BANK3   BANK4   BANK5   BANK6   BANK7
      Params:         0       0       0       0       0       0       0       0       0
      Locals:         0       0       0       0       0       0       0       0       0
      Temps:          0       0       0       0       0       0       0       0       0
      Totals:         0       0       0       0       0       0       0       0       0
Total ram usage:        0 bytes
 Hardware stack levels required when called:    9
 This function calls:
		_ADC_Init
		_I2C_Init
		_LCD_Init
		_RTC
		_SensorLuz
		_SensorMovimiento
		_SensorTemperatura
 This function is called by:
		Startup code after reset
 This function uses a non-reentrant model


 *************** function _SensorTemperatura *****************
 Defined at:
		line 91 in file "Controler.c"
 Parameters:    Size  Location     Type
		None
 Auto vars:     Size  Location     Type
  i               2   80[BANK0 ] int 
  i               2   78[BANK0 ] int 
  buffer_TX2     21   47[BANK0 ] unsigned char [21]
  buffer_TX1     23   24[BANK0 ] unsigned char [23]
  Temperature    10   68[BANK0 ] unsigned char [10]
  celsius         4   82[BANK0 ] float 
 Return value:  Size  Location     Type
                  1    wreg      void 
 Registers used:
		wreg, fsr1l, fsr1h, fsr2l, fsr2h, status,2, status,0, tblptrl, tblptrh, tblptru, prodl, prodh, cstack
 Tracked objects:
		On entry : 
		On exit  : 
		Unchanged: 
 Data sizes:     COMRAM   BANK0   BANK1   BANK2   BANK3   BANK4   BANK5   BANK6   BANK7
      Params:         0       0       0       0       0       0       0       0       0
      Locals:         0      62       0       0       0       0       0       0       0
      Temps:          0       0       0       0       0       0       0       0       0
      Totals:         0      62       0       0       0       0       0       0       0
Total ram usage:       62 bytes
 Hardware stack levels used:    1
 Hardware stack levels required when called:    8
 This function calls:
		_ADC_Read
		_LCD_Char
		_LCD_Command
		_LCD_Custom_Char
		_LCD_String_xy
		___fldiv
		___flge
		___flmul
		___fltol
		___xxtofl
		_memset
		_sprintf
 This function is called by:
		_main
 This function uses a non-reentrant model


 *************** function _memset *****************
 Defined at:
		line 4 in file "C:\Program Files\Microchip\xc8\v2.31\pic\sources\c99\common\memset.c"
 Parameters:    Size  Location     Type
  dest            2    0[COMRAM] PTR void 
		 -> SensorTemperatura@Temperature(10), 
  c               2    2[COMRAM] int 
  n               2    4[COMRAM] unsigned int 
 Auto vars:     Size  Location     Type
  s               2   10[COMRAM] PTR unsigned char 
		 -> SensorTemperatura@Temperature(10), 
  k               2    8[COMRAM] unsigned int 
 Return value:  Size  Location     Type
                  2    0[COMRAM] PTR void 
 Registers used:
		wreg, fsr2l, fsr2h, status,2, status,0
 Tracked objects:
		On entry : 
		On exit  : 
		Unchanged: 
 Data sizes:     COMRAM   BANK0   BANK1   BANK2   BANK3   BANK4   BANK5   BANK6   BANK7
      Params:         6       0       0       0       0       0       0       0       0
      Locals:         4       0       0       0       0       0       0       0       0
      Temps:          2       0       0       0       0       0       0       0       0
      Totals:        12       0       0       0       0       0       0       0       0
Total ram usage:       12 bytes
 Hardware stack levels used:    1
 This function calls:
		Nothing
 This function is called by:
		_SensorTemperatura
 This function uses a non-reentrant model


 *************** function ___fltol *****************
 Defined at:
		line 43 in file "C:\Program Files\Microchip\xc8\v2.31\pic\sources\c99\common\fltol.c"
 Parameters:    Size  Location     Type
  f1              4    0[COMRAM] PTR void 
 Auto vars:     Size  Location     Type
  exp1            1    9[COMRAM] unsigned char 
  sign1           1    8[COMRAM] unsigned char 
 Return value:  Size  Location     Type
                  4    0[COMRAM] long 
 Registers used:
		wreg, status,2, status,0
 Tracked objects:
		On entry : 
		On exit  : 
		Unchanged: 
 Data sizes:     COMRAM   BANK0   BANK1   BANK2   BANK3   BANK4   BANK5   BANK6   BANK7
      Params:         4       0       0       0       0       0       0       0       0
      Locals:         2       0       0       0       0       0       0       0       0
      Temps:          4       0       0       0       0       0       0       0       0
      Totals:        10       0       0       0       0       0       0       0       0
Total ram usage:       10 bytes
 Hardware stack levels used:    1
 This function calls:
		Nothing
 This function is called by:
		_SensorTemperatura
 This function uses a non-reentrant model


 *************** function _LCD_Custom_Char *****************
 Defined at:
		line 95 in file "LCD_20x4.c"
 Parameters:    Size  Location     Type
  loc             1    wreg     unsigned char 
  msg             2    7[COMRAM] PTR unsigned char 
		 -> character2(8), character1(8), 
 Auto vars:     Size  Location     Type
  loc             1    9[COMRAM] unsigned char 
  i               1   10[COMRAM] unsigned char 
 Return value:  Size  Location     Type
                  1    wreg      void 
 Registers used:
		wreg, fsr2l, fsr2h, status,2, status,0, prodl, prodh, cstack
 Tracked objects:
		On entry : 
		On exit  : 
		Unchanged: 
 Data sizes:     COMRAM   BANK0   BANK1   BANK2   BANK3   BANK4   BANK5   BANK6   BANK7
      Params:         2       0       0       0       0       0       0       0       0
      Locals:         2       0       0       0       0       0       0       0       0
      Temps:          0       0       0       0       0       0       0       0       0
      Totals:         4       0       0       0       0       0       0       0       0
Total ram usage:        4 bytes
 Hardware stack levels used:    1
 Hardware stack levels required when called:    2
 This function calls:
		_LCD_Char
		_LCD_Command
 This function is called by:
		_SensorTemperatura
 This function uses a non-reentrant model


 *************** function _SensorMovimiento *****************
 Defined at:
		line 173 in file "Controler.c"
 Parameters:    Size  Location     Type
		None
 Auto vars:     Size  Location     Type
  i               2  129[BANK0 ] int 
  i               2  127[BANK0 ] int 
  i               2  125[BANK0 ] int 
  buffer_TX7     35   70[BANK0 ] unsigned char [35]
  buffer_TX6     35   35[BANK0 ] unsigned char [35]
  buffer_TX5     35    0[BANK0 ] unsigned char [35]
  buf            20  105[BANK0 ] unsigned char [20]
 Return value:  Size  Location     Type
                  1    wreg      void 
 Registers used:
		wreg, fsr1l, fsr1h, fsr2l, fsr2h, status,2, status,0, tblptrl, tblptrh, tblptru, cstack
 Tracked objects:
		On entry : 
		On exit  : 
		Unchanged: 
 Data sizes:     COMRAM   BANK0   BANK1   BANK2   BANK3   BANK4   BANK5   BANK6   BANK7
      Params:         0       0       0       0       0       0       0       0       0
      Locals:         0     131       0       0       0       0       0       0       0
      Temps:          0       0       0       0       0       0       0       0       0
      Totals:         0     131       0       0       0       0       0       0       0
Total ram usage:      131 bytes
 Hardware stack levels used:    1
 Hardware stack levels required when called:    4
 This function calls:
		_LCD_String_xy
		_strcat
		_strcpy
 This function is called by:
		_main
 This function uses a non-reentrant model


 *************** function _strcat *****************
 Defined at:
		line 3 in file "C:\Program Files\Microchip\xc8\v2.31\pic\sources\c99\common\strcat.c"
 Parameters:    Size  Location     Type
  dest            2   12[COMRAM] PTR unsigned char 
		 -> SensorMovimiento@buf(20), 
  src             2   14[COMRAM] PTR const unsigned char 
		 -> STR_12(7), STR_11(7), STR_10(7), STR_9(7), 
 Auto vars:     Size  Location     Type
		None
 Return value:  Size  Location     Type
                  2   12[COMRAM] PTR unsigned char 
 Registers used:
		wreg, fsr2l, fsr2h, status,2, status,0, tblptrl, tblptrh, tblptru, cstack
 Tracked objects:
		On entry : 
		On exit  : 
		Unchanged: 
 Data sizes:     COMRAM   BANK0   BANK1   BANK2   BANK3   BANK4   BANK5   BANK6   BANK7
      Params:         4       0       0       0       0       0       0       0       0
      Locals:         0       0       0       0       0       0       0       0       0
      Temps:          0       0       0       0       0       0       0       0       0
      Totals:         4       0       0       0       0       0       0       0       0
Total ram usage:        4 bytes
 Hardware stack levels used:    1
 Hardware stack levels required when called:    1
 This function calls:
		_strcpy
		_strlen
 This function is called by:
		_SensorMovimiento
 This function uses a non-reentrant model


 *************** function _strcpy *****************
 Defined at:
		line 3 in file "C:\Program Files\Microchip\xc8\v2.31\pic\sources\c99\common\strcpy.c"
 Parameters:    Size  Location     Type
  dest            2    4[COMRAM] PTR unsigned char 
		 -> SensorMovimiento@buf(20), 
  src             2    6[COMRAM] PTR const unsigned char 
		 -> STR_12(7), STR_11(7), STR_10(7), STR_9(7), 
		 -> STR_8(7), STR_7(7), 
 Auto vars:     Size  Location     Type
  d               2   10[COMRAM] PTR unsigned char 
		 -> SensorMovimiento@buf(20), 
  s               2    8[COMRAM] PTR const unsigned char 
		 -> STR_12(7), STR_11(7), STR_10(7), STR_9(7), 
		 -> STR_8(7), STR_7(7), 
 Return value:  Size  Location     Type
                  2    4[COMRAM] PTR unsigned char 
 Registers used:
		wreg, fsr2l, fsr2h, status,2, status,0, tblptrl, tblptrh, tblptru
 Tracked objects:
		On entry : 
		On exit  : 
		Unchanged: 
 Data sizes:     COMRAM   BANK0   BANK1   BANK2   BANK3   BANK4   BANK5   BANK6   BANK7
      Params:         4       0       0       0       0       0       0       0       0
      Locals:         4       0       0       0       0       0       0       0       0
      Temps:          0       0       0       0       0       0       0       0       0
      Totals:         8       0       0       0       0       0       0       0       0
Total ram usage:        8 bytes
 Hardware stack levels used:    1
 This function calls:
		Nothing
 This function is called by:
		_SensorMovimiento
		_strcat
 This function uses a non-reentrant model


 *************** function _SensorLuz *****************
 Defined at:
		line 142 in file "Controler.c"
 Parameters:    Size  Location     Type
		None
 Auto vars:     Size  Location     Type
  i               2   47[BANK0 ] int 
  i               2   45[BANK0 ] int 
  buffer_TX4     20   21[BANK0 ] unsigned char [20]
  buffer_TX3     21    0[BANK0 ] unsigned char [21]
  val             4   41[BANK0 ] float 
 Return value:  Size  Location     Type
                  1    wreg      void 
 Registers used:
		wreg, fsr1l, fsr1h, fsr2l, fsr2h, status,2, status,0, tblptrl, tblptrh, tblptru, prodl, prodh, cstack
 Tracked objects:
		On entry : 
		On exit  : 
		Unchanged: 
 Data sizes:     COMRAM   BANK0   BANK1   BANK2   BANK3   BANK4   BANK5   BANK6   BANK7
      Params:         0       0       0       0       0       0       0       0       0
      Locals:         0      49       0       0       0       0       0       0       0
      Temps:          0       0       0       0       0       0       0       0       0
      Totals:         0      49       0       0       0       0       0       0       0
Total ram usage:       49 bytes
 Hardware stack levels used:    1
 Hardware stack levels required when called:    4
 This function calls:
		_ADC_Read
		_LCD_Command
		_LCD_String_xy
		___fldiv
		___flge
		___flmul
		___xxtofl
 This function is called by:
		_main
 This function uses a non-reentrant model


 *************** function ___xxtofl *****************
 Defined at:
		line 10 in file "C:\Program Files\Microchip\xc8\v2.31\pic\sources\c99\common\xxtofl.c"
 Parameters:    Size  Location     Type
  sign            1    wreg     unsigned char 
  val             4    8[COMRAM] long 
 Auto vars:     Size  Location     Type
  sign            1   16[COMRAM] unsigned char 
  arg             4   18[COMRAM] unsigned long 
  exp             1   17[COMRAM] unsigned char 
 Return value:  Size  Location     Type
                  4    8[COMRAM] unsigned char 
 Registers used:
		wreg, status,2, status,0
 Tracked objects:
		On entry : 
		On exit  : 
		Unchanged: 
 Data sizes:     COMRAM   BANK0   BANK1   BANK2   BANK3   BANK4   BANK5   BANK6   BANK7
      Params:         4       0       0       0       0       0       0       0       0
      Locals:         6       0       0       0       0       0       0       0       0
      Temps:          4       0       0       0       0       0       0       0       0
      Totals:        14       0       0       0       0       0       0       0       0
Total ram usage:       14 bytes
 Hardware stack levels used:    1
 This function calls:
		Nothing
 This function is called by:
		_SensorTemperatura
		_SensorLuz
 This function uses a non-reentrant model


 *************** function ___flmul *****************
 Defined at:
		line 8 in file "C:\Program Files\Microchip\xc8\v2.31\pic\sources\c99\common\sprcmul.c"
 Parameters:    Size  Location     Type
  b               4   22[COMRAM] unsigned char 
  a               4   26[COMRAM] unsigned char 
 Auto vars:     Size  Location     Type
  prod            4   41[COMRAM] struct .
  grs             4   35[COMRAM] unsigned long 
  temp            2   45[COMRAM] struct .
  bexp            1   40[COMRAM] unsigned char 
  aexp            1   39[COMRAM] unsigned char 
  sign            1   34[COMRAM] unsigned char 
 Return value:  Size  Location     Type
                  4   22[COMRAM] unsigned char 
 Registers used:
		wreg, status,2, status,0, prodl, prodh
 Tracked objects:
		On entry : 
		On exit  : 
		Unchanged: 
 Data sizes:     COMRAM   BANK0   BANK1   BANK2   BANK3   BANK4   BANK5   BANK6   BANK7
      Params:         8       0       0       0       0       0       0       0       0
      Locals:        13       0       0       0       0       0       0       0       0
      Temps:          4       0       0       0       0       0       0       0       0
      Totals:        25       0       0       0       0       0       0       0       0
Total ram usage:       25 bytes
 Hardware stack levels used:    1
 This function calls:
		Nothing
 This function is called by:
		_SensorTemperatura
		_SensorLuz
 This function uses a non-reentrant model


 *************** function ___flge *****************
 Defined at:
		line 4 in file "C:\Program Files\Microchip\xc8\v2.31\pic\sources\c99\common\flge.c"
 Parameters:    Size  Location     Type
  ff1             4    0[COMRAM] unsigned char 
  ff2             4    4[COMRAM] unsigned char 
 Auto vars:     Size  Location     Type
		None
 Return value:  Size  Location     Type
		None               void
 Registers used:
		wreg, status,2, status,0
 Tracked objects:
		On entry : 
		On exit  : 
		Unchanged: 
 Data sizes:     COMRAM   BANK0   BANK1   BANK2   BANK3   BANK4   BANK5   BANK6   BANK7
      Params:         8       0       0       0       0       0       0       0       0
      Locals:         0       0       0       0       0       0       0       0       0
      Temps:          4       0       0       0       0       0       0       0       0
      Totals:        12       0       0       0       0       0       0       0       0
Total ram usage:       12 bytes
 Hardware stack levels used:    1
 This function calls:
		Nothing
 This function is called by:
		_SensorTemperatura
		_SensorLuz
 This function uses a non-reentrant model


 *************** function ___fldiv *****************
 Defined at:
		line 11 in file "C:\Program Files\Microchip\xc8\v2.31\pic\sources\c99\common\sprcdiv.c"
 Parameters:    Size  Location     Type
  b               4   47[COMRAM] unsigned char 
  a               4   51[COMRAM] unsigned char 
 Auto vars:     Size  Location     Type
  grs             4   66[COMRAM] unsigned long 
  rem             4   59[COMRAM] unsigned long 
  new_exp         2   64[COMRAM] short 
  aexp            1   71[COMRAM] unsigned char 
  bexp            1   70[COMRAM] unsigned char 
  sign            1   63[COMRAM] unsigned char 
 Return value:  Size  Location     Type
                  4   47[COMRAM] unsigned char 
 Registers used:
		wreg, status,2, status,0
 Tracked objects:
		On entry : 
		On exit  : 
		Unchanged: 
 Data sizes:     COMRAM   BANK0   BANK1   BANK2   BANK3   BANK4   BANK5   BANK6   BANK7
      Params:         8       0       0       0       0       0       0       0       0
      Locals:        13       0       0       0       0       0       0       0       0
      Temps:          4       0       0       0       0       0       0       0       0
      Totals:        25       0       0       0       0       0       0       0       0
Total ram usage:       25 bytes
 Hardware stack levels used:    1
 This function calls:
		Nothing
 This function is called by:
		_SensorTemperatura
		_SensorLuz
 This function uses a non-reentrant model


 *************** function _ADC_Read *****************
 Defined at:
		line 32 in file "PIC18F4550_ADC_Source_File.c"
 Parameters:    Size  Location     Type
  channel         2    0[COMRAM] int 
 Auto vars:     Size  Location     Type
  digital         2    6[COMRAM] int 
 Return value:  Size  Location     Type
                  2    0[COMRAM] int 
 Registers used:
		wreg, status,2, status,0
 Tracked objects:
		On entry : 
		On exit  : 
		Unchanged: 
 Data sizes:     COMRAM   BANK0   BANK1   BANK2   BANK3   BANK4   BANK5   BANK6   BANK7
      Params:         2       0       0       0       0       0       0       0       0
      Locals:         2       0       0       0       0       0       0       0       0
      Temps:          4       0       0       0       0       0       0       0       0
      Totals:         8       0       0       0       0       0       0       0       0
Total ram usage:        8 bytes
 Hardware stack levels used:    1
 This function calls:
		Nothing
 This function is called by:
		_SensorTemperatura
		_SensorLuz
 This function uses a non-reentrant model


 *************** function _RTC *****************
 Defined at:
		line 248 in file "Controler.c"
 Parameters:    Size  Location     Type
		None
 Auto vars:     Size  Location     Type
		None
 Return value:  Size  Location     Type
                  1    wreg      void 
 Registers used:
		wreg, fsr1l, fsr1h, fsr2l, fsr2h, status,2, status,0, tblptrl, tblptrh, tblptru, cstack
 Tracked objects:
		On entry : 
		On exit  : 
		Unchanged: 
 Data sizes:     COMRAM   BANK0   BANK1   BANK2   BANK3   BANK4   BANK5   BANK6   BANK7
      Params:         0       0       0       0       0       0       0       0       0
      Locals:         0       0       0       0       0       0       0       0       0
      Temps:          0       0       0       0       0       0       0       0       0
      Totals:         0       0       0       0       0       0       0       0       0
Total ram usage:        0 bytes
 Hardware stack levels used:    1
 Hardware stack levels required when called:    8
 This function calls:
		_I2C_Stop
		_LCD_String
		_LCD_String_xy
		_RTC_Read_Clock
		_sprintf
 This function is called by:
		_main
 This function uses a non-reentrant model


 *************** function _sprintf *****************
 Defined at:
		line 9 in file "C:\Program Files\Microchip\xc8\v2.31\pic\sources\c99\common\nf_sprintf.c"
 Parameters:    Size  Location     Type
  s               2    6[BANK0 ] PTR unsigned char 
		 -> hours(10), mins(10), secs(10), SensorTemperatura@Temperature(10), 
  fmt             2    8[BANK0 ] PTR const unsigned char 
		 -> STR_15(8), STR_14(4), STR_13(4), STR_2(7), 
 Auto vars:     Size  Location     Type
  f               6   18[BANK0 ] struct _IO_FILE
  ap              2   16[BANK0 ] PTR void [1]
		 -> ?_sprintf(2), 
  ret             2    0        int 
 Return value:  Size  Location     Type
                  2    6[BANK0 ] int 
 Registers used:
		wreg, fsr1l, fsr1h, fsr2l, fsr2h, status,2, status,0, tblptrl, tblptrh, tblptru, cstack
 Tracked objects:
		On entry : 
		On exit  : 
		Unchanged: 
 Data sizes:     COMRAM   BANK0   BANK1   BANK2   BANK3   BANK4   BANK5   BANK6   BANK7
      Params:         0       8       0       0       0       0       0       0       0
      Locals:         0      10       0       0       0       0       0       0       0
      Temps:          0       0       0       0       0       0       0       0       0
      Totals:         0      18       0       0       0       0       0       0       0
Total ram usage:       18 bytes
 Hardware stack levels used:    1
 Hardware stack levels required when called:    7
 This function calls:
		_vfprintf
 This function is called by:
		_SensorTemperatura
		_RTC
 This function uses a non-reentrant model


 *************** function _vfprintf *****************
 Defined at:
		line 1390 in file "C:\Program Files\Microchip\xc8\v2.31\pic\sources\c99\common\doprnt.c"
 Parameters:    Size  Location     Type
  fp              2    0[BANK0 ] PTR struct _IO_FILE
		 -> sprintf@f(6), 
  fmt             2    2[BANK0 ] PTR const unsigned char 
		 -> STR_15(8), STR_14(4), STR_13(4), STR_2(7), 
  ap              2    4[BANK0 ] PTR PTR void 
		 -> sprintf@ap(2), 
 Auto vars:     Size  Location     Type
  cfmt            2   93[COMRAM] PTR unsigned char 
		 -> STR_15(8), STR_14(4), STR_13(4), STR_2(7), 
 Return value:  Size  Location     Type
                  2    0[BANK0 ] int 
 Registers used:
		wreg, fsr1l, fsr1h, fsr2l, fsr2h, status,2, status,0, tblptrl, tblptrh, tblptru, cstack
 Tracked objects:
		On entry : 
[...]
      Totals:         2       0       0       0       0       0       0       0       0
Total ram usage:        2 bytes
 Hardware stack levels used:    1
 Hardware stack levels required when called:    1
 This function calls:
		_I2C_Ack
		_I2C_Nack
		_I2C_Ready
 This function is called by:
		_RTC_Read_Clock
 This function uses a non-reentrant model


 *************** function _I2C_Ready *****************
 Defined at:
		line 59 in file "./I2C_Master_File_3.h"
 Parameters:    Size  Location     Type
		None
 Auto vars:     Size  Location     Type
		None
 Return value:  Size  Location     Type
                  1    wreg      void 
 Registers used:
		None
 Tracked objects:
		On entry : 
		On exit  : 
		Unchanged: 
 Data sizes:     COMRAM   BANK0   BANK1   BANK2   BANK3   BANK4   BANK5   BANK6   BANK7
      Params:         0       0       0       0       0       0       0       0       0
      Locals:         0       0       0       0       0       0       0       0       0
      Temps:          0       0       0       0       0       0       0       0       0
      Totals:         0       0       0       0       0       0       0       0       0
Total ram usage:        0 bytes
 Hardware stack levels used:    1
 This function calls:
		Nothing
 This function is called by:
		_I2C_Read
		_I2C_Write
 This function uses a non-reentrant model


 *************** function _I2C_Nack *****************
 Defined at:
		line 125 in file "./I2C_Master_File_3.h"
 Parameters:    Size  Location     Type
		None
 Auto vars:     Size  Location     Type
		None
 Return value:  Size  Location     Type
                  1    wreg      void 
 Registers used:
		None
 Tracked objects:
		On entry : 
		On exit  : 
		Unchanged: 
 Data sizes:     COMRAM   BANK0   BANK1   BANK2   BANK3   BANK4   BANK5   BANK6   BANK7
      Params:         0       0       0       0       0       0       0       0       0
      Locals:         0       0       0       0       0       0       0       0       0
      Temps:          0       0       0       0       0       0       0       0       0
      Totals:         0       0       0       0       0       0       0       0       0
Total ram usage:        0 bytes
 Hardware stack levels used:    1
 This function calls:
		Nothing
 This function is called by:
		_I2C_Read
 This function uses a non-reentrant model


 *************** function _I2C_Ack *****************
 Defined at:
		line 119 in file "./I2C_Master_File_3.h"
 Parameters:    Size  Location     Type
		None
 Auto vars:     Size  Location     Type
		None
 Return value:  Size  Location     Type
                  1    wreg      void 
 Registers used:
		None
 Tracked objects:
		On entry : 
		On exit  : 
		Unchanged: 
 Data sizes:     COMRAM   BANK0   BANK1   BANK2   BANK3   BANK4   BANK5   BANK6   BANK7
      Params:         0       0       0       0       0       0       0       0       0
      Locals:         0       0       0       0       0       0       0       0       0
      Temps:          0       0       0       0       0       0       0       0       0
      Totals:         0       0       0       0       0       0       0       0       0
Total ram usage:        0 bytes
 Hardware stack levels used:    1
 This function calls:
		Nothing
 This function is called by:
		_I2C_Read
 This function uses a non-reentrant model


 *************** function _LCD_String_xy *****************
 Defined at:
		line 82 in file "LCD_20x4.c"
 Parameters:    Size  Location     Type
  row             1    wreg     unsigned char 
  pos             1    9[COMRAM] unsigned char 
  str             2   10[COMRAM] PTR const unsigned char 
		 -> hours(10), SensorMovimiento@buf(20), STR_6(22), STR_5(22), 
		 -> STR_4(6), STR_3(6), SensorTemperatura@Temperature(10), STR_1(7), 
 Auto vars:     Size  Location     Type
  row             1   12[COMRAM] unsigned char 
 Return value:  Size  Location     Type
                  1    wreg      void 
 Registers used:
		wreg, fsr1l, fsr1h, status,2, status,0, tblptrl, tblptrh, tblptru, cstack
 Tracked objects:
		On entry : 
		On exit  : 
		Unchanged: 
 Data sizes:     COMRAM   BANK0   BANK1   BANK2   BANK3   BANK4   BANK5   BANK6   BANK7
      Params:         3       0       0       0       0       0       0       0       0
      Locals:         1       0       0       0       0       0       0       0       0
      Temps:          0       0       0       0       0       0       0       0       0
      Totals:         4       0       0       0       0       0       0       0       0
Total ram usage:        4 bytes
 Hardware stack levels used:    1
 Hardware stack levels required when called:    3
 This function calls:
		_LCD_Command
		_LCD_String
 This function is called by:
		_SensorTemperatura
		_SensorLuz
		_SensorMovimiento
		_RTC
 This function uses a non-reentrant model


 *************** function _LCD_String *****************
 Defined at:
		line 72 in file "LCD_20x4.c"
 Parameters:    Size  Location     Type
  msg             2    7[COMRAM] PTR const unsigned char 
		 -> hours(10), mins(10), secs(10), SensorMovimiento@buf(20), 
		 -> STR_6(22), STR_5(22), STR_4(6), STR_3(6), 
		 -> SensorTemperatura@Temperature(10), STR_1(7), 
 Auto vars:     Size  Location     Type
		None
 Return value:  Size  Location     Type
                  1    wreg      void 
 Registers used:
		wreg, fsr1l, fsr1h, status,2, status,0, tblptrl, tblptrh, tblptru, cstack
 Tracked objects:
		On entry : 
		On exit  : 
		Unchanged: 
 Data sizes:     COMRAM   BANK0   BANK1   BANK2   BANK3   BANK4   BANK5   BANK6   BANK7
      Params:         2       0       0       0       0       0       0       0       0
      Locals:         0       0       0       0       0       0       0       0       0
      Temps:          0       0       0       0       0       0       0       0       0
      Totals:         2       0       0       0       0       0       0       0       0
Total ram usage:        2 bytes
 Hardware stack levels used:    1
 Hardware stack levels required when called:    2
 This function calls:
		_LCD_Char
 This function is called by:
		_LCD_String_xy
		_RTC
 This function uses a non-reentrant model


 *************** function _LCD_Char *****************
 Defined at:
		line 60 in file "LCD_20x4.c"
 Parameters:    Size  Location     Type
  char_data       1    wreg     unsigned char 
 Auto vars:     Size  Location     Type
  char_data       1    6[COMRAM] unsigned char 
 Return value:  Size  Location     Type
                  1    wreg      void 
 Registers used:
		wreg, status,2, status,0, cstack
 Tracked objects:
		On entry : 
		On exit  : 
		Unchanged: 
 Data sizes:     COMRAM   BANK0   BANK1   BANK2   BANK3   BANK4   BANK5   BANK6   BANK7
      Params:         0       0       0       0       0       0       0       0       0
      Locals:         1       0       0       0       0       0       0       0       0
      Temps:          0       0       0       0       0       0       0       0       0
      Totals:         1       0       0       0       0       0       0       0       0
Total ram usage:        1 bytes
 Hardware stack levels used:    1
 Hardware stack levels required when called:    1
 This function calls:
		_MSdelay
 This function is called by:
		_LCD_String
		_LCD_Custom_Char
		_SensorTemperatura
 This function uses a non-reentrant model


 *************** function _I2C_Stop *****************
 Defined at:
		line 103 in file "./I2C_Master_File_3.h"
 Parameters:    Size  Location     Type
		None
 Auto vars:     Size  Location     Type
		None
 Return value:  Size  Location     Type
                  1    wreg      unsigned char 
 Registers used:
		wreg
 Tracked objects:
		On entry : 
		On exit  : 
		Unchanged: 
 Data sizes:     COMRAM   BANK0   BANK1   BANK2   BANK3   BANK4   BANK5   BANK6   BANK7
      Params:         0       0       0       0       0       0       0       0       0
      Locals:         0       0       0       0       0       0       0       0       0
      Temps:          0       0       0       0       0       0       0       0       0
      Totals:         0       0       0       0       0       0       0       0       0
Total ram usage:        0 bytes
 Hardware stack levels used:    1
 This function calls:
		Nothing
 This function is called by:
		_RTC
		_I2C_Start_Wait
 This function uses a non-reentrant model


 *************** function _LCD_Init *****************
 Defined at:
		line 28 in file "LCD_20x4.c"
 Parameters:    Size  Location     Type
		None
 Auto vars:     Size  Location     Type
		None
 Return value:  Size  Location     Type
                  1    wreg      void 
 Registers used:
		wreg, status,2, status,0, cstack
 Tracked objects:
		On entry : 
		On exit  : 
		Unchanged: 
 Data sizes:     COMRAM   BANK0   BANK1   BANK2   BANK3   BANK4   BANK5   BANK6   BANK7
      Params:         0       0       0       0       0       0       0       0       0
      Locals:         0       0       0       0       0       0       0       0       0
      Temps:          0       0       0       0       0       0       0       0       0
      Totals:         0       0       0       0       0       0       0       0       0
Total ram usage:        0 bytes
 Hardware stack levels used:    1
 Hardware stack levels required when called:    2
 This function calls:
		_LCD_Command
		_MSdelay
 This function is called by:
		_main
 This function uses a non-reentrant model


 *************** function _LCD_Command *****************
 Defined at:
		line 49 in file "LCD_20x4.c"
 Parameters:    Size  Location     Type
  cmd             1    wreg     unsigned char 
 Auto vars:     Size  Location     Type
  cmd             1    6[COMRAM] unsigned char 
 Return value:  Size  Location     Type
                  1    wreg      void 
 Registers used:
		wreg, status,2, status,0, cstack
 Tracked objects:
		On entry : 
		On exit  : 
		Unchanged: 
 Data sizes:     COMRAM   BANK0   BANK1   BANK2   BANK3   BANK4   BANK5   BANK6   BANK7
      Params:         0       0       0       0       0       0       0       0       0
      Locals:         1       0       0       0       0       0       0       0       0
      Temps:          0       0       0       0       0       0       0       0       0
      Totals:         1       0       0       0       0       0       0       0       0
Total ram usage:        1 bytes
 Hardware stack levels used:    1
 Hardware stack levels required when called:    1
 This function calls:
		_MSdelay
 This function is called by:
		_LCD_Init
		_LCD_String_xy
		_LCD_Custom_Char
		_SensorTemperatura
		_SensorLuz
		_LCD_Clear
 This function uses a non-reentrant model


 *************** function _MSdelay *****************
 Defined at:
		line 108 in file "LCD_20x4.c"
 Parameters:    Size  Location     Type
  val             2    0[COMRAM] unsigned int 
 Auto vars:     Size  Location     Type
  j               2    4[COMRAM] unsigned int 
  i               2    2[COMRAM] unsigned int 
 Return value:  Size  Location     Type
                  1    wreg      void 
 Registers used:
		wreg, status,2, status,0
 Tracked objects:
		On entry : 
		On exit  : 
		Unchanged: 
 Data sizes:     COMRAM   BANK0   BANK1   BANK2   BANK3   BANK4   BANK5   BANK6   BANK7
      Params:         2       0       0       0       0       0       0       0       0
      Locals:         4       0       0       0       0       0       0       0       0
      Temps:          0       0       0       0       0       0       0       0       0
      Totals:         6       0       0       0       0       0       0       0       0
Total ram usage:        6 bytes
 Hardware stack levels used:    1
 This function calls:
		Nothing
 This function is called by:
		_LCD_Init
		_LCD_Command
		_LCD_Char
		_LCD_Clear
 This function uses a non-reentrant model


 *************** function _I2C_Init *****************
 Defined at:
		line 46 in file "./I2C_Master_File_3.h"
 Parameters:    Size  Location     Type
		None
 Auto vars:     Size  Location     Type
		None
 Return value:  Size  Location     Type
                  1    wreg      void 
 Registers used:
		wreg, status,2
 Tracked objects:
		On entry : 
		On exit  : 
		Unchanged: 
 Data sizes:     COMRAM   BANK0   BANK1   BANK2   BANK3   BANK4   BANK5   BANK6   BANK7
      Params:         0       0       0       0       0       0       0       0       0
      Locals:         0       0       0       0       0       0       0       0       0
      Temps:          0       0       0       0       0       0       0       0       0
      Totals:         0       0       0       0       0       0       0       0       0
Total ram usage:        0 bytes
 Hardware stack levels used:    1
 This function calls:
		Nothing
 This function is called by:
		_main
 This function uses a non-reentrant model


 *************** function _ADC_Init *****************
 Defined at:
		line 22 in file "PIC18F4550_ADC_Source_File.c"
 Parameters:    Size  Location     Type
		None
 Auto vars:     Size  Location     Type
		None
 Return value:  Size  Location     Type
                  1    wreg      void 
 Registers used:
		wreg, status,2
 Tracked objects:
		On entry : 
		On exit  : 
		Unchanged: 
 Data sizes:     COMRAM   BANK0   BANK1   BANK2   BANK3   BANK4   BANK5   BANK6   BANK7
      Params:         0       0       0       0       0       0       0       0       0
      Locals:         0       0       0       0       0       0       0       0       0
      Temps:          0       0       0       0       0       0       0       0       0
      Totals:         0       0       0       0       0       0       0       0       0
Total ram usage:        0 bytes
 Hardware stack levels used:    1
 This function calls:
		Nothing
 This function is called by:
		_main
 This function uses a non-reentrant model



MODULE INFORMATION

Module		Function		Class		Link	Load	Size
C:\Program Files\Microchip\xc8\v2.31\pic\sources\c99\common\strcat.c
		_strcat        		CODE           	31A4	0000	38

C:\Program Files\Microchip\xc8\v2.31\pic\sources\c99\common\strcat.c estimated size: 38

C:\Program Files\Microchip\xc8\v2.31\pic\sources\c99\common\putch.c
		_putch         		CODE           	32D0	0000	2

C:\Program Files\Microchip\xc8\v2.31\pic\sources\c99\common\putch.c estimated size: 2

C:\Program Files\Microchip\xc8\v2.31\pic\sources\c99\common\nf_fputs.c
		_fputs         		CODE           	2EFC	0000	68

C:\Program Files\Microchip\xc8\v2.31\pic\sources\c99\common\nf_fputs.c estimated size: 68

C:\Program Files\Microchip\xc8\v2.31\pic\sources\c99\common\xxtofl.c
		___xxtofl      		CODE           	1D96	0000	436

C:\Program Files\Microchip\xc8\v2.31\pic\sources\c99\common\xxtofl.c estimated size: 436

C:\Program Files\Microchip\xc8\v2.31\pic\sources\c99\common\aomod.c
		___aomod       		CODE           	23E2	0000	356

C:\Program Files\Microchip\xc8\v2.31\pic\sources\c99\common\aomod.c estimated size: 356

C:\Program Files\Microchip\xc8\v2.31\pic\sources\c99\common\abs.c
		_abs           		CODE           	2F80	0000	64

C:\Program Files\Microchip\xc8\v2.31\pic\sources\c99\common\abs.c estimated size: 64

C:\Program Files\Microchip\xc8\v2.31\pic\sources\c99\common\strlen.c
		_strlen        		CODE           	30E4	0000	54

C:\Program Files\Microchip\xc8\v2.31\pic\sources\c99\common\strlen.c estimated size: 54

C:\Program Files\Microchip\xc8\v2.31\pic\sources\c99\common\strcpy.c
		_strcpy        		CODE           	2F40	0000	64

C:\Program Files\Microchip\xc8\v2.31\pic\sources\c99\common\strcpy.c estimated size: 64

C:\Program Files\Microchip\xc8\v2.31\pic\sources\c99\common\memset.c
		_memset        		CODE           	226C	0000	374

C:\Program Files\Microchip\xc8\v2.31\pic\sources\c99\common\memset.c estimated size: 374

LCD_20x4.c
		_LCD_String    		CODE           	2D74	0000	94
		_LCD_Init      		CODE           	3176	0000	46
		_LCD_Command   		CODE           	322C	0000	28
		_LCD_String_xy 		CODE           	2BA4	0000	142
		_LCD_Char      		CODE           	3210	0000	28
		_MSdelay       		CODE           	2E24	0000	74
		_LCD_Custom_Char		CODE           	2E6E	0000	72

LCD_20x4.c estimated size: 484

C:\Program Files\Microchip\xc8\v2.31\pic\sources\c99\common\isupper.c
		_isupper       		CODE           	30AC	0000	56

C:\Program Files\Microchip\xc8\v2.31\pic\sources\c99\common\isupper.c estimated size: 56

C:\Program Files\Microchip\xc8\v2.31\pic\sources\c99\common\aodiv.c
		___aodiv       		CODE           	20E4	0000	392

C:\Program Files\Microchip\xc8\v2.31\pic\sources\c99\common\aodiv.c estimated size: 392

C:\Program Files\Microchip\xc8\v2.31\pic\sources\c99\common\nf_fputc.c
		_fputc         		CODE           	2828	0000	202

C:\Program Files\Microchip\xc8\v2.31\pic\sources\c99\common\nf_fputc.c estimated size: 202

shared
		__initialization		CODE           	2C32	0000	120

shared estimated size: 120

./I2C_Master_File_3.h
		_I2C_Write     		CODE           	31EE	0000	34
		_I2C_Stop      		CODE           	32A2	0000	20
		_I2C_Read      		CODE           	303A	0000	58
		_I2C_Ready     		CODE           	32B6	0000	18
		_I2C_Init      		CODE           	3248	0000	26
		_I2C_Repeated_Start		CODE           	3148	0000	46
		_I2C_Ack       		CODE           	328E	0000	20
		_I2C_Nack      		CODE           	327A	0000	20
		_I2C_Start     		CODE           	311A	0000	46

./I2C_Master_File_3.h estimated size: 288

C:\Program Files\Microchip\xc8\v2.31\pic\sources\c99\common\islower.c
		_islower       		CODE           	3074	0000	56

C:\Program Files\Microchip\xc8\v2.31\pic\sources\c99\common\islower.c estimated size: 56

C:\Program Files\Microchip\xc8\v2.31\pic\sources\c99\common\sprcmul.c
		___flmul       		CODE           	0878	0000	1066

C:\Program Files\Microchip\xc8\v2.31\pic\sources\c99\common\sprcmul.c estimated size: 1066

Controler.c
		_SensorTemperatura		CODE           	1904	0000	654
		_SensorMovimiento		CODE           	1B92	0000	516
		_main          		CODE           	2FC0	0000	62
		_SensorLuz     		CODE           	1F4A	0000	410
		_RTC           		CODE           	2B0C	0000	152
		_RTC_Read_Clock		CODE           	2EB6	0000	70

Controler.c estimated size: 1864

C:\Program Files\Microchip\xc8\v2.31\pic\sources\c99\common\doprnt.c
		_vfpfcnvrt     		CODE           	103C	0000	778
		_pad           		CODE           	28F2	0000	198
		_ctoa          		CODE           	2750	0000	216
		_dtoa          		CODE           	1346	0000	740
		_vfprintf      		CODE           	2CB4	0000	98
		_xtoa          		CODE           	162A	0000	730

C:\Program Files\Microchip\xc8\v2.31\pic\sources\c99\common\doprnt.c estimated size: 2760

C:\Program Files\Microchip\xc8\v2.31\pic\sources\c99\common\sprcdiv.c
		___fldiv       		CODE           	0CA2	0000	922

C:\Program Files\Microchip\xc8\v2.31\pic\sources\c99\common\sprcdiv.c estimated size: 922

C:\Program Files\Microchip\xc8\v2.31\pic\sources\c99\common\fltol.c
		___fltol       		CODE           	2546	0000	262

C:\Program Files\Microchip\xc8\v2.31\pic\sources\c99\common\fltol.c estimated size: 262

C:\Program Files\Microchip\xc8\v2.31\pic\sources\c99\common\nf_sprintf.c
		_sprintf       		CODE           	2DD2	0000	82

C:\Program Files\Microchip\xc8\v2.31\pic\sources\c99\common\nf_sprintf.c estimated size: 82

C:\Program Files\Microchip\xc8\v2.31\pic\sources\c99\common\toupper.c
		_toupper       		CODE           	2D16	0000	94

C:\Program Files\Microchip\xc8\v2.31\pic\sources\c99\common\toupper.c estimated size: 94

C:\Program Files\Microchip\xc8\v2.31\pic\sources\c99\common\flge.c
		___flge        		CODE           	264C	0000	260

C:\Program Files\Microchip\xc8\v2.31\pic\sources\c99\common\flge.c estimated size: 260

C:\Program Files\Microchip\xc8\v2.31\pic\sources\c99\common\isalpha.c
		_isalpha       		CODE           	2FFE	0000	60

C:\Program Files\Microchip\xc8\v2.31\pic\sources\c99\common\isalpha.c estimated size: 60

PIC18F4550_ADC_Source_File.c
		_ADC_Read      		CODE           	2A70	0000	156
		_ADC_Init      		CODE           	3262	0000	24

PIC18F4550_ADC_Source_File.c estimated size: 180

